Archive member included because of file (symbol)

C:\Users\ongwk\OneDrive\Documents\NUS\Y3S2\EE2028\Labs\Lib_CMSISv1p30_LPC17xx\Debug\libCMSISv1p30_LPC17xx.a(system_LPC17xx.o)
                              ./src/main.o (SystemCoreClock)
C:\Users\ongwk\OneDrive\Documents\NUS\Y3S2\EE2028\Labs\Lib_EaBaseBoard\Debug\libLib_EaBaseBoard.a(acc.o)
                              ./src/main.o (acc_init)
C:\Users\ongwk\OneDrive\Documents\NUS\Y3S2\EE2028\Labs\Lib_EaBaseBoard\Debug\libLib_EaBaseBoard.a(led7seg.o)
                              ./src/main.o (led7seg_init)
C:\Users\ongwk\OneDrive\Documents\NUS\Y3S2\EE2028\Labs\Lib_EaBaseBoard\Debug\libLib_EaBaseBoard.a(light.o)
                              ./src/main.o (light_enable)
C:\Users\ongwk\OneDrive\Documents\NUS\Y3S2\EE2028\Labs\Lib_EaBaseBoard\Debug\libLib_EaBaseBoard.a(oled.o)
                              ./src/main.o (oled_init)
C:\Users\ongwk\OneDrive\Documents\NUS\Y3S2\EE2028\Labs\Lib_EaBaseBoard\Debug\libLib_EaBaseBoard.a(pca9532.o)
                              ./src/main.o (pca9532_setLeds)
C:\Users\ongwk\OneDrive\Documents\NUS\Y3S2\EE2028\Labs\Lib_EaBaseBoard\Debug\libLib_EaBaseBoard.a(temp.o)
                              ./src/main.o (temp_init)
C:\Users\ongwk\OneDrive\Documents\NUS\Y3S2\EE2028\Labs\Lib_EaBaseBoard\Debug\libLib_EaBaseBoard.a(font5x7.o)
                              C:\Users\ongwk\OneDrive\Documents\NUS\Y3S2\EE2028\Labs\Lib_EaBaseBoard\Debug\libLib_EaBaseBoard.a(oled.o) (font5x7)
C:\Users\ongwk\OneDrive\Documents\NUS\Y3S2\EE2028\Labs\Lib_MCU\Debug\libLib_MCU.a(lpc17xx_gpio.o)
                              ./src/main.o (GPIO_SetDir)
C:\Users\ongwk\OneDrive\Documents\NUS\Y3S2\EE2028\Labs\Lib_MCU\Debug\libLib_MCU.a(lpc17xx_i2c.o)
                              ./src/main.o (I2C_Init)
C:\Users\ongwk\OneDrive\Documents\NUS\Y3S2\EE2028\Labs\Lib_MCU\Debug\libLib_MCU.a(lpc17xx_libcfg_default.o)
                              C:\Users\ongwk\OneDrive\Documents\NUS\Y3S2\EE2028\Labs\Lib_MCU\Debug\libLib_MCU.a(lpc17xx_i2c.o) (check_failed)
C:\Users\ongwk\OneDrive\Documents\NUS\Y3S2\EE2028\Labs\Lib_MCU\Debug\libLib_MCU.a(lpc17xx_pinsel.o)
                              ./src/main.o (PINSEL_ConfigPin)
C:\Users\ongwk\OneDrive\Documents\NUS\Y3S2\EE2028\Labs\Lib_MCU\Debug\libLib_MCU.a(lpc17xx_ssp.o)
                              ./src/main.o (SSP_Init)
C:\Users\ongwk\OneDrive\Documents\NUS\Y3S2\EE2028\Labs\Lib_MCU\Debug\libLib_MCU.a(lpc17xx_timer.o)
                              ./src/main.o (Timer0_Wait)
C:\Users\ongwk\OneDrive\Documents\NUS\Y3S2\EE2028\Labs\Lib_MCU\Debug\libLib_MCU.a(lpc17xx_clkpwr.o)
                              C:\Users\ongwk\OneDrive\Documents\NUS\Y3S2\EE2028\Labs\Lib_MCU\Debug\libLib_MCU.a(lpc17xx_i2c.o) (CLKPWR_SetPCLKDiv)
c:/nxp/lpcxpresso_6.1.4_194/lpcxpresso/tools/bin/../lib/gcc/arm-none-eabi/4.6.2/armv7-m\libgcc.a(_arm_addsubdf3.o)
                              ./src/main.o (__aeabi_dsub)
c:/nxp/lpcxpresso_6.1.4_194/lpcxpresso/tools/bin/../lib/gcc/arm-none-eabi/4.6.2/armv7-m\libgcc.a(_arm_muldivdf3.o)
                              ./src/main.o (__aeabi_ddiv)
c:/nxp/lpcxpresso_6.1.4_194/lpcxpresso/tools/bin/../lib/gcc/arm-none-eabi/4.6.2/armv7-m\libgcc.a(_arm_cmpdf2.o)
                              ./src/main.o (__aeabi_dcmple)
c:/nxp/lpcxpresso_6.1.4_194/lpcxpresso/tools/bin/../lib/gcc/arm-none-eabi/4.6.2/armv7-m\libgcc.a(_arm_fixunsdfsi.o)
                              ./src/main.o (__aeabi_d2uiz)
c:/nxp/lpcxpresso_6.1.4_194/lpcxpresso/tools/bin/../lib/gcc/arm-none-eabi/4.6.2/armv7-m\libgcc.a(_arm_truncdfsf2.o)
                              ./src/main.o (__aeabi_d2f)
c:/nxp/lpcxpresso_6.1.4_194/lpcxpresso/tools/bin/../lib/gcc/arm-none-eabi/4.6.2/armv7-m\libgcc.a(_arm_cmpsf2.o)
                              ./src/main.o (__aeabi_fcmple)
c:/nxp/lpcxpresso_6.1.4_194/lpcxpresso/tools/bin/../lib/gcc/arm-none-eabi/4.6.2/armv7-m\libgcc.a(_aeabi_uldivmod.o)
                              C:\Users\ongwk\OneDrive\Documents\NUS\Y3S2\EE2028\Labs\Lib_CMSISv1p30_LPC17xx\Debug\libCMSISv1p30_LPC17xx.a(system_LPC17xx.o) (__aeabi_uldivmod)
c:/nxp/lpcxpresso_6.1.4_194/lpcxpresso/tools/bin/../lib/gcc/arm-none-eabi/4.6.2/armv7-m\libgcc.a(bpabi.o)
                              c:/nxp/lpcxpresso_6.1.4_194/lpcxpresso/tools/bin/../lib/gcc/arm-none-eabi/4.6.2/armv7-m\libgcc.a(_aeabi_uldivmod.o) (__gnu_uldivmod_helper)
c:/nxp/lpcxpresso_6.1.4_194/lpcxpresso/tools/bin/../lib/gcc/arm-none-eabi/4.6.2/armv7-m\libgcc.a(_dvmd_tls.o)
                              c:/nxp/lpcxpresso_6.1.4_194/lpcxpresso/tools/bin/../lib/gcc/arm-none-eabi/4.6.2/armv7-m\libgcc.a(_aeabi_uldivmod.o) (__aeabi_ldiv0)
c:/nxp/lpcxpresso_6.1.4_194/lpcxpresso/tools/bin/../lib/gcc/arm-none-eabi/4.6.2/armv7-m\libgcc.a(_divdi3.o)
                              c:/nxp/lpcxpresso_6.1.4_194/lpcxpresso/tools/bin/../lib/gcc/arm-none-eabi/4.6.2/armv7-m\libgcc.a(bpabi.o) (__divdi3)
c:/nxp/lpcxpresso_6.1.4_194/lpcxpresso/tools/bin/../lib/gcc/arm-none-eabi/4.6.2/armv7-m\libgcc.a(_udivdi3.o)
[...]
Memory Configuration

Name             Origin             Length             Attributes
MFlash512        0x00000000         0x00080000         xr
RamLoc32         0x10000000         0x00008000         xrw
RamAHB32         0x2007c000         0x00008000         xrw
*default*        0x00000000         0xffffffff

Linker script and memory map

LOAD ./src/cr_startup_lpc17.o
LOAD ./src/main.o
LOAD C:\Users\ongwk\OneDrive\Documents\NUS\Y3S2\EE2028\Labs\Lib_CMSISv1p30_LPC17xx\Debug\libCMSISv1p30_LPC17xx.a
LOAD C:\Users\ongwk\OneDrive\Documents\NUS\Y3S2\EE2028\Labs\Lib_EaBaseBoard\Debug\libLib_EaBaseBoard.a
LOAD C:\Users\ongwk\OneDrive\Documents\NUS\Y3S2\EE2028\Labs\Lib_MCU\Debug\libLib_MCU.a
START GROUP
LOAD c:/nxp/lpcxpresso_6.1.4_194/lpcxpresso/tools/bin/../lib/gcc/arm-none-eabi/4.6.2/armv7-m\libgcc.a
LOAD c:/nxp/lpcxpresso_6.1.4_194/lpcxpresso/tools/bin/../lib/gcc/arm-none-eabi/4.6.2/../../../../arm-none-eabi/lib/armv7-m\libc.a
LOAD c:/nxp/lpcxpresso_6.1.4_194/lpcxpresso/tools/bin/../lib/gcc/arm-none-eabi/4.6.2/../../../../arm-none-eabi/lib/armv7-m\libm.a
LOAD c:/nxp/lpcxpresso_6.1.4_194/lpcxpresso/tools/bin/../lib/gcc/arm-none-eabi/4.6.2/../../../../arm-none-eabi/lib/armv7-m\libcr_newlib_semihost.a
END GROUP
                0x00080000                __top_MFlash512 = 0x80000
                0x10008000                __top_RamLoc32 = 0x10008000
                0x20084000                __top_RamAHB32 = 0x20084000

.text           0x00000000     0x94c4
 FILL mask 0xff
                0x00000000                __vectors_start__ = ABSOLUTE (.)
 *(.isr_vector)
 .isr_vector    0x00000000       0xcc ./src/cr_startup_lpc17.o
                0x00000000                g_pfnVectors
                0x000000cc                . = ALIGN (0x4)
                0x000000cc                __section_table_start = .
                0x000000cc                __data_section_table = .
                0x000000cc        0x4 LONG 0x94cc LOADADDR (.data)
                0x000000d0        0x4 LONG 0x10000000 ADDR (.data)
                0x000000d4        0x4 LONG 0xba4 SIZEOF (.data)
                0x000000d8        0x4 LONG 0x94cc LOADADDR (.data_RAM2)
                0x000000dc        0x4 LONG 0x2007c000 ADDR (.data_RAM2)
                0x000000e0        0x4 LONG 0x0 SIZEOF (.data_RAM2)
                0x000000e4                __data_section_table_end = .
                0x000000e4                __bss_section_table = .
                0x000000e4        0x4 LONG 0x10000ba4 ADDR (.bss)
                0x000000e8        0x4 LONG 0x39c SIZEOF (.bss)
                0x000000ec        0x4 LONG 0x2007c000 ADDR (.bss_RAM2)
                0x000000f0        0x4 LONG 0x0 SIZEOF (.bss_RAM2)
                0x000000f4                __bss_section_table_end = .
                0x000000f4                __section_table_end = .
 *(.after_vectors*)
 *(.text*)
 .text.ResetISR
                0x000000f4       0x68 ./src/cr_startup_lpc17.o
                0x000000f4                ResetISR
 .text.NMI_Handler
                0x0000015c        0x8 ./src/cr_startup_lpc17.o
                0x0000015c                NMI_Handler
 .text.HardFault_Handler
                0x00000164        0x8 ./src/cr_startup_lpc17.o
                0x00000164                HardFault_Handler
 .text.MemManage_Handler
                0x0000016c        0x8 ./src/cr_startup_lpc17.o
                0x0000016c                MemManage_Handler
 .text.BusFault_Handler
                0x00000174        0x8 ./src/cr_startup_lpc17.o
                0x00000174                BusFault_Handler
 .text.UsageFault_Handler
                0x0000017c        0x8 ./src/cr_startup_lpc17.o
                0x0000017c                UsageFault_Handler
 .text.SVCall_Handler
                0x00000184        0x8 ./src/cr_startup_lpc17.o
                0x00000184                SVCall_Handler
 .text.DebugMon_Handler
                0x0000018c        0x8 ./src/cr_startup_lpc17.o
                0x0000018c                DebugMon_Handler
 .text.PendSV_Handler
                0x00000194        0x8 ./src/cr_startup_lpc17.o
                0x00000194                PendSV_Handler
 .text.IntDefaultHandler
                0x0000019c        0x8 ./src/cr_startup_lpc17.o
                0x0000019c                TIMER2_IRQHandler
                0x0000019c                RIT_IRQHandler
                0x0000019c                I2C0_IRQHandler
                0x0000019c                USBActivity_IRQHandler
                0x0000019c                PWM1_IRQHandler
                0x0000019c                I2C1_IRQHandler
                0x0000019c                EINT2_IRQHandler
                0x0000019c                UART1_IRQHandler
                0x0000019c                CANActivity_IRQHandler
                0x0000019c                TIMER3_IRQHandler
                0x0000019c                UART0_IRQHandler
                0x0000019c                IntDefaultHandler
                0x0000019c                PLL0_IRQHandler
                0x0000019c                CAN_IRQHandler
                0x0000019c                PLL1_IRQHandler
                0x0000019c                SSP0_IRQHandler
                0x0000019c                I2S_IRQHandler
                0x0000019c                I2C2_IRQHandler
                0x0000019c                RTC_IRQHandler
                0x0000019c                TIMER0_IRQHandler
                0x0000019c                SPI_IRQHandler
                0x0000019c                EINT1_IRQHandler
                0x0000019c                UART2_IRQHandler
                0x0000019c                ADC_IRQHandler
                0x0000019c                SSP1_IRQHandler
                0x0000019c                USB_IRQHandler
                0x0000019c                BOD_IRQHandler
                0x0000019c                WDT_IRQHandler
                0x0000019c                QEI_IRQHandler
                0x0000019c                EINT0_IRQHandler
                0x0000019c                DMA_IRQHandler
                0x0000019c                UART3_IRQHandler
                0x0000019c                MCPWM_IRQHandler
                0x0000019c                ENET_IRQHandler
 .text.NVIC_SetPriorityGrouping
                0x000001a4       0x50 ./src/main.o
 .text.NVIC_EnableIRQ
                0x000001f4       0x38 ./src/main.o
 .text.NVIC_ClearPendingIRQ
                0x0000022c       0x3c ./src/main.o
 .text.NVIC_SetPriority
                0x00000268       0x5c ./src/main.o
 .text.SysTick_Config
                0x000002c4       0x64 ./src/main.o
 .text.SysTick_Handler
                0x00000328       0x24 ./src/main.o
                0x00000328                SysTick_Handler
 .text.getTicks
                0x0000034c       0x18 ./src/main.o
                0x0000034c                getTicks
 .text.init_ssp
                0x00000364       0x98 ./src/main.o
 .text.init_i2c
                0x000003fc       0x5c ./src/main.o
 .text.init_GPIO
                0x00000458       0xd4 ./src/main.o
 .text.getPrescalarForUs
                0x0000052c       0xb8 ./src/main.o
                0x0000052c                getPrescalarForUs
 .text.interrupt_init
                0x000005e4       0xb0 ./src/main.o
                0x000005e4                interrupt_init
 .text.init     0x00000694       0x74 ./src/main.o
                0x00000694                init
 .text.setMode  0x00000708       0x30 ./src/main.o
                0x00000708                setMode
 .text.countdown
                0x00000738       0x44 ./src/main.o
                0x00000738                countdown
 .text.displayOledMessage
                0x0000077c       0x6c ./src/main.o
                0x0000077c                displayOledMessage
 .text.setAccMessage
                0x000007e8       0xd8 ./src/main.o
                0x000007e8                setAccMessage
 .text.setBatteryMessage
                0x000008c0       0x54 ./src/main.o
                0x000008c0                setBatteryMessage
 .text.checkBattery
                0x00000914      0x274 ./src/main.o
                0x00000914                checkBattery
 .text.EINT3_IRQHandler
                0x00000b88       0x74 ./src/main.o
                0x00000b88                EINT3_IRQHandler
 .text.TIMER1_IRQHandler
                0x00000bfc      0x14c ./src/main.o
                0x00000bfc                TIMER1_IRQHandler
 .text.main     0x00000d48      0x170 ./src/main.o
                0x00000d48                main
 .text.SystemInit
                0x00000eb8      0x22c C:\Users\ongwk\OneDrive\Documents\NUS\Y3S2\EE2028\Labs\Lib_CMSISv1p30_LPC17xx\Debug\libCMSISv1p30_LPC17xx.a(system_LPC17xx.o)
                0x00000eb8                SystemInit
 .text.I2CRead  0x000010e4       0x5c C:\Users\ongwk\OneDrive\Documents\NUS\Y3S2\EE2028\Labs\Lib_EaBaseBoard\Debug\libLib_EaBaseBoard.a(acc.o)
 .text.I2CWrite
                0x00001140       0x5c C:\Users\ongwk\OneDrive\Documents\NUS\Y3S2\EE2028\Labs\Lib_EaBaseBoard\Debug\libLib_EaBaseBoard.a(acc.o)
 .text.getStatus
                0x0000119c       0x3c C:\Users\ongwk\OneDrive\Documents\NUS\Y3S2\EE2028\Labs\Lib_EaBaseBoard\Debug\libLib_EaBaseBoard.a(acc.o)
 .text.setModeControl
                0x000011d8       0x30 C:\Users\ongwk\OneDrive\Documents\NUS\Y3S2\EE2028\Labs\Lib_EaBaseBoard\Debug\libLib_EaBaseBoard.a(acc.o)
 .text.acc_init
                0x00001208       0x10 C:\Users\ongwk\OneDrive\Documents\NUS\Y3S2\EE2028\Labs\Lib_EaBaseBoard\Debug\libLib_EaBaseBoard.a(acc.o)
                0x00001208                acc_init
 .text.acc_read
                0x00001218       0xbc C:\Users\ongwk\OneDrive\Documents\NUS\Y3S2\EE2028\Labs\Lib_EaBaseBoard\Debug\libLib_EaBaseBoard.a(acc.o)
                0x00001218                acc_read
 .text.led7seg_init
                0x000012d4       0x24 C:\Users\ongwk\OneDrive\Documents\NUS\Y3S2\EE2028\Labs\Lib_EaBaseBoard\Debug\libLib_EaBaseBoard.a(led7seg.o)
                0x000012d4                led7seg_init
 .text.led7seg_setChar
                0x000012f8       0x88 C:\Users\ongwk\OneDrive\Documents\NUS\Y3S2\EE2028\Labs\Lib_EaBaseBoard\Debug\libLib_EaBaseBoard.a(led7seg.o)
                0x000012f8                led7seg_setChar
 .text.I2CRead  0x00001380       0x5c C:\Users\ongwk\OneDrive\Documents\NUS\Y3S2\EE2028\Labs\Lib_EaBaseBoard\Debug\libLib_EaBaseBoard.a(light.o)
 .text.I2CWrite
                0x000013dc       0x5c C:\Users\ongwk\OneDrive\Documents\NUS\Y3S2\EE2028\Labs\Lib_EaBaseBoard\Debug\libLib_EaBaseBoard.a(light.o)
 .text.readControlReg
                0x00001438       0x3c C:\Users\ongwk\OneDrive\Documents\NUS\Y3S2\EE2028\Labs\Lib_EaBaseBoard\Debug\libLib_EaBaseBoard.a(light.o)
 .text.light_enable
                0x00001474       0x48 C:\Users\ongwk\OneDrive\Documents\NUS\Y3S2\EE2028\Labs\Lib_EaBaseBoard\Debug\libLib_EaBaseBoard.a(light.o)
                0x00001474                light_enable
 .text.light_read
                0x000014bc       0x90 C:\Users\ongwk\OneDrive\Documents\NUS\Y3S2\EE2028\Labs\Lib_EaBaseBoard\Debug\libLib_EaBaseBoard.a(light.o)
                0x000014bc                light_read
 .text.light_setLoThreshold
                0x0000154c       0x58 C:\Users\ongwk\OneDrive\Documents\NUS\Y3S2\EE2028\Labs\Lib_EaBaseBoard\Debug\libLib_EaBaseBoard.a(light.o)
                0x0000154c                light_setLoThreshold
 .text.light_clearIrqStatus
                0x000015a4       0x3c C:\Users\ongwk\OneDrive\Documents\NUS\Y3S2\EE2028\Labs\Lib_EaBaseBoard\Debug\libLib_EaBaseBoard.a(light.o)
                0x000015a4                light_clearIrqStatus
 .text.writeCommand
                0x000015e0       0x60 C:\Users\ongwk\OneDrive\Documents\NUS\Y3S2\EE2028\Labs\Lib_EaBaseBoard\Debug\libLib_EaBaseBoard.a(oled.o)
 .text.writeData
                0x00001640       0x60 C:\Users\ongwk\OneDrive\Documents\NUS\Y3S2\EE2028\Labs\Lib_EaBaseBoard\Debug\libLib_EaBaseBoard.a(oled.o)
 .text.writeDataLen
                0x000016a0       0x8c C:\Users\ongwk\OneDrive\Documents\NUS\Y3S2\EE2028\Labs\Lib_EaBaseBoard\Debug\libLib_EaBaseBoard.a(oled.o)
 .text.runInitSequence
                0x0000172c      0x118 C:\Users\ongwk\OneDrive\Documents\NUS\Y3S2\EE2028\Labs\Lib_EaBaseBoard\Debug\libLib_EaBaseBoard.a(oled.o)
 .text.oled_init
                0x00001844       0x9c C:\Users\ongwk\OneDrive\Documents\NUS\Y3S2\EE2028\Labs\Lib_EaBaseBoard\Debug\libLib_EaBaseBoard.a(oled.o)
                0x00001844                oled_init
 .text.oled_putPixel
                0x000018e0      0x188 C:\Users\ongwk\OneDrive\Documents\NUS\Y3S2\EE2028\Labs\Lib_EaBaseBoard\Debug\libLib_EaBaseBoard.a(oled.o)
                0x000018e0                oled_putPixel
 .text.oled_clearScreen
                0x00001a68       0x74 C:\Users\ongwk\OneDrive\Documents\NUS\Y3S2\EE2028\Labs\Lib_EaBaseBoard\Debug\libLib_EaBaseBoard.a(oled.o)
                0x00001a68                oled_clearScreen
 .text.oled_putChar
                0x00001adc       0xf0 C:\Users\ongwk\OneDrive\Documents\NUS\Y3S2\EE2028\Labs\Lib_EaBaseBoard\Debug\libLib_EaBaseBoard.a(oled.o)
                0x00001adc                oled_putChar
 .text.oled_putString
                0x00001bcc       0x54 C:\Users\ongwk\OneDrive\Documents\NUS\Y3S2\EE2028\Labs\Lib_EaBaseBoard\Debug\libLib_EaBaseBoard.a(oled.o)
                0x00001bcc                oled_putString
 .text.I2CWrite
                0x00001c20       0x5c C:\Users\ongwk\OneDrive\Documents\NUS\Y3S2\EE2028\Labs\Lib_EaBaseBoard\Debug\libLib_EaBaseBoard.a(pca9532.o)
 .text.setLsStates
                0x00001c7c       0xc4 C:\Users\ongwk\OneDrive\Documents\NUS\Y3S2\EE2028\Labs\Lib_EaBaseBoard\Debug\libLib_EaBaseBoard.a(pca9532.o)
 .text.setLeds  0x00001d40       0xa0 C:\Users\ongwk\OneDrive\Documents\NUS\Y3S2\EE2028\Labs\Lib_EaBaseBoard\Debug\libLib_EaBaseBoard.a(pca9532.o)
 .text.pca9532_setLeds
                0x00001de0       0xa0 C:\Users\ongwk\OneDrive\Documents\NUS\Y3S2\EE2028\Labs\Lib_EaBaseBoard\Debug\libLib_EaBaseBoard.a(pca9532.o)
                0x00001de0                pca9532_setLeds
 .text.temp_init
                0x00001e80       0x2c C:\Users\ongwk\OneDrive\Documents\NUS\Y3S2\EE2028\Labs\Lib_EaBaseBoard\Debug\libLib_EaBaseBoard.a(temp.o)
                0x00001e80                temp_init
 .text.GPIO_GetPointer
                0x00001eac       0x7c C:\Users\ongwk\OneDrive\Documents\NUS\Y3S2\EE2028\Labs\Lib_MCU\Debug\libLib_MCU.a(lpc17xx_gpio.o)
 .text.GPIO_SetDir
                0x00001f28       0x54 C:\Users\ongwk\OneDrive\Documents\NUS\Y3S2\EE2028\Labs\Lib_MCU\Debug\libLib_MCU.a(lpc17xx_gpio.o)
                0x00001f28                GPIO_SetDir
 .text.GPIO_SetValue
                0x00001f7c       0x2c C:\Users\ongwk\OneDrive\Documents\NUS\Y3S2\EE2028\Labs\Lib_MCU\Debug\libLib_MCU.a(lpc17xx_gpio.o)
                0x00001f7c                GPIO_SetValue
 .text.GPIO_ClearValue
                0x00001fa8       0x2c C:\Users\ongwk\OneDrive\Documents\NUS\Y3S2\EE2028\Labs\Lib_MCU\Debug\libLib_MCU.a(lpc17xx_gpio.o)
                0x00001fa8                GPIO_ClearValue
 .text.GPIO_ReadValue
                0x00001fd4       0x30 C:\Users\ongwk\OneDrive\Documents\NUS\Y3S2\EE2028\Labs\Lib_MCU\Debug\libLib_MCU.a(lpc17xx_gpio.o)
                0x00001fd4                GPIO_ReadValue
 .text.NVIC_EnableIRQ
                0x00002004       0x38 C:\Users\ongwk\OneDrive\Documents\NUS\Y3S2\EE2028\Labs\Lib_MCU\Debug\libLib_MCU.a(lpc17xx_i2c.o)
 .text.NVIC_DisableIRQ
                0x0000203c       0x3c C:\Users\ongwk\OneDrive\Documents\NUS\Y3S2\EE2028\Labs\Lib_MCU\Debug\libLib_MCU.a(lpc17xx_i2c.o)
 .text.I2C_getNum
                0x00002078       0x54 C:\Users\ongwk\OneDrive\Documents\NUS\Y3S2\EE2028\Labs\Lib_MCU\Debug\libLib_MCU.a(lpc17xx_i2c.o)
 .text.I2C_Start
                0x000020cc       0x44 C:\Users\ongwk\OneDrive\Documents\NUS\Y3S2\EE2028\Labs\Lib_MCU\Debug\libLib_MCU.a(lpc17xx_i2c.o)
 .text.I2C_Stop
                0x00002110       0x38 C:\Users\ongwk\OneDrive\Documents\NUS\Y3S2\EE2028\Labs\Lib_MCU\Debug\libLib_MCU.a(lpc17xx_i2c.o)
 .text.I2C_SendByte
                0x00002148       0x50 C:\Users\ongwk\OneDrive\Documents\NUS\Y3S2\EE2028\Labs\Lib_MCU\Debug\libLib_MCU.a(lpc17xx_i2c.o)
 .text.I2C_GetByte
                0x00002198       0x5c C:\Users\ongwk\OneDrive\Documents\NUS\Y3S2\EE2028\Labs\Lib_MCU\Debug\libLib_MCU.a(lpc17xx_i2c.o)
 .text.I2C_IntCmd
                0x000021f4       0xa8 C:\Users\ongwk\OneDrive\Documents\NUS\Y3S2\EE2028\Labs\Lib_MCU\Debug\libLib_MCU.a(lpc17xx_i2c.o)
                0x000021f4                I2C_IntCmd
 .text.I2C_MasterHandler
                0x0000229c      0x408 C:\Users\ongwk\OneDrive\Documents\NUS\Y3S2\EE2028\Labs\Lib_MCU\Debug\libLib_MCU.a(lpc17xx_i2c.o)
                0x0000229c                I2C_MasterHandler
 .text.I2C_SetClock
                0x000026a4       0xc8 C:\Users\ongwk\OneDrive\Documents\NUS\Y3S2\EE2028\Labs\Lib_MCU\Debug\libLib_MCU.a(lpc17xx_i2c.o)
                0x000026a4                I2C_SetClock
 .text.I2C_Init
                0x0000276c       0xd8 C:\Users\ongwk\OneDrive\Documents\NUS\Y3S2\EE2028\Labs\Lib_MCU\Debug\libLib_MCU.a(lpc17xx_i2c.o)
                0x0000276c                I2C_Init
 .text.I2C_Cmd  0x00002844       0x84 C:\Users\ongwk\OneDrive\Documents\NUS\Y3S2\EE2028\Labs\Lib_MCU\Debug\libLib_MCU.a(lpc17xx_i2c.o)
                0x00002844                I2C_Cmd
 .text.I2C_MasterTransferData
                0x000028c8      0x390 C:\Users\ongwk\OneDrive\Documents\NUS\Y3S2\EE2028\Labs\Lib_MCU\Debug\libLib_MCU.a(lpc17xx_i2c.o)
                0x000028c8                I2C_MasterTransferData
 .text.check_failed
                0x00002c58        0xc C:\Users\ongwk\OneDrive\Documents\NUS\Y3S2\EE2028\Labs\Lib_MCU\Debug\libLib_MCU.a(lpc17xx_libcfg_default.o)
                0x00002c58                check_failed
 .text.PINSEL_SetPinFunc
                0x00002c64       0x9c C:\Users\ongwk\OneDrive\Documents\NUS\Y3S2\EE2028\Labs\Lib_MCU\Debug\libLib_MCU.a(lpc17xx_pinsel.o)
                0x00002c64                PINSEL_SetPinFunc
 .text.PINSEL_SetResistorMode
                0x00002d00       0x9c C:\Users\ongwk\OneDrive\Documents\NUS\Y3S2\EE2028\Labs\Lib_MCU\Debug\libLib_MCU.a(lpc17xx_pinsel.o)
                0x00002d00                PINSEL_SetResistorMode
 .text.PINSEL_SetOpenDrainMode
                0x00002d9c       0x7c C:\Users\ongwk\OneDrive\Documents\NUS\Y3S2\EE2028\Labs\Lib_MCU\Debug\libLib_MCU.a(lpc17xx_pinsel.o)
                0x00002d9c                PINSEL_SetOpenDrainMode
 .text.PINSEL_ConfigPin
                0x00002e18       0x54 C:\Users\ongwk\OneDrive\Documents\NUS\Y3S2\EE2028\Labs\Lib_MCU\Debug\libLib_MCU.a(lpc17xx_pinsel.o)
                0x00002e18                PINSEL_ConfigPin
 .text.SSP_getNum
                0x00002e6c       0x40 C:\Users\ongwk\OneDrive\Documents\NUS\Y3S2\EE2028\Labs\Lib_MCU\Debug\libLib_MCU.a(lpc17xx_ssp.o)
 .text.SSP_IntHandler
                0x00002eac      0x338 C:\Users\ongwk\OneDrive\Documents\NUS\Y3S2\EE2028\Labs\Lib_MCU\Debug\libLib_MCU.a(lpc17xx_ssp.o)
                0x00002eac                SSP_IntHandler
 .text.SSP_SetClock
                0x000031e4       0xf8 C:\Users\ongwk\OneDrive\Documents\NUS\Y3S2\EE2028\Labs\Lib_MCU\Debug\libLib_MCU.a(lpc17xx_ssp.o)
                0x000031e4                SSP_SetClock
 .text.SSP_Init
                0x000032dc      0x10c C:\Users\ongwk\OneDrive\Documents\NUS\Y3S2\EE2028\Labs\Lib_MCU\Debug\libLib_MCU.a(lpc17xx_ssp.o)
                0x000032dc                SSP_Init
 .text.SSP_ConfigStructInit
                0x000033e8       0x48 C:\Users\ongwk\OneDrive\Documents\NUS\Y3S2\EE2028\Labs\Lib_MCU\Debug\libLib_MCU.a(lpc17xx_ssp.o)
                0x000033e8                SSP_ConfigStructInit
 .text.SSP_Cmd  0x00003430       0x7c C:\Users\ongwk\OneDrive\Documents\NUS\Y3S2\EE2028\Labs\Lib_MCU\Debug\libLib_MCU.a(lpc17xx_ssp.o)
                0x00003430                SSP_Cmd
 .text.SSP_SendData
                0x000034ac       0x48 C:\Users\ongwk\OneDrive\Documents\NUS\Y3S2\EE2028\Labs\Lib_MCU\Debug\libLib_MCU.a(lpc17xx_ssp.o)
                0x000034ac                SSP_SendData
 .text.SSP_ReceiveData
                0x000034f4       0x44 C:\Users\ongwk\OneDrive\Documents\NUS\Y3S2\EE2028\Labs\Lib_MCU\Debug\libLib_MCU.a(lpc17xx_ssp.o)
                0x000034f4                SSP_ReceiveData
 .text.SSP_ReadWrite
                0x00003538      0x440 C:\Users\ongwk\OneDrive\Documents\NUS\Y3S2\EE2028\Labs\Lib_MCU\Debug\libLib_MCU.a(lpc17xx_ssp.o)
                0x00003538                SSP_ReadWrite
 .text.TIM_GetPClock
                0x00003978       0x68 C:\Users\ongwk\OneDrive\Documents\NUS\Y3S2\EE2028\Labs\Lib_MCU\Debug\libLib_MCU.a(lpc17xx_timer.o)
                0x00003978                TIM_GetPClock
 .text.TIM_ConverUSecToVal
                0x000039e0       0x64 C:\Users\ongwk\OneDrive\Documents\NUS\Y3S2\EE2028\Labs\Lib_MCU\Debug\libLib_MCU.a(lpc17xx_timer.o)
                0x000039e0                TIM_ConverUSecToVal
 .text.TIM_ConverPtrToTimeNum
                0x00003a44       0x6c C:\Users\ongwk\OneDrive\Documents\NUS\Y3S2\EE2028\Labs\Lib_MCU\Debug\libLib_MCU.a(lpc17xx_timer.o)
                0x00003a44                TIM_ConverPtrToTimeNum
 .text.TIM_GetIntStatus
                0x00003ab0       0xb4 C:\Users\ongwk\OneDrive\Documents\NUS\Y3S2\EE2028\Labs\Lib_MCU\Debug\libLib_MCU.a(lpc17xx_timer.o)
                0x00003ab0                TIM_GetIntStatus
 .text.TIM_ClearIntPending
                0x00003b64       0xa0 C:\Users\ongwk\OneDrive\Documents\NUS\Y3S2\EE2028\Labs\Lib_MCU\Debug\libLib_MCU.a(lpc17xx_timer.o)
                0x00003b64                TIM_ClearIntPending
 .text.TIM_Init
                0x00003c04      0x1bc C:\Users\ongwk\OneDrive\Documents\NUS\Y3S2\EE2028\Labs\Lib_MCU\Debug\libLib_MCU.a(lpc17xx_timer.o)
                0x00003c04                TIM_Init
 .text.TIM_Cmd  0x00003dc0       0x78 C:\Users\ongwk\OneDrive\Documents\NUS\Y3S2\EE2028\Labs\Lib_MCU\Debug\libLib_MCU.a(lpc17xx_timer.o)
                0x00003dc0                TIM_Cmd
 .text.TIM_ConfigMatch
                0x00003e38      0x19c C:\Users\ongwk\OneDrive\Documents\NUS\Y3S2\EE2028\Labs\Lib_MCU\Debug\libLib_MCU.a(lpc17xx_timer.o)
                0x00003e38                TIM_ConfigMatch
 .text.Timer0_Wait
                0x00003fd4       0x8c C:\Users\ongwk\OneDrive\Documents\NUS\Y3S2\EE2028\Labs\Lib_MCU\Debug\libLib_MCU.a(lpc17xx_timer.o)
                0x00003fd4                Timer0_Wait
 .text.CLKPWR_SetPCLKDiv
                0x00004060       0xcc C:\Users\ongwk\OneDrive\Documents\NUS\Y3S2\EE2028\Labs\Lib_MCU\Debug\libLib_MCU.a(lpc17xx_clkpwr.o)
                0x00004060                CLKPWR_SetPCLKDiv
 .text.CLKPWR_GetPCLKSEL
                0x0000412c       0x54 C:\Users\ongwk\OneDrive\Documents\NUS\Y3S2\EE2028\Labs\Lib_MCU\Debug\libLib_MCU.a(lpc17xx_clkpwr.o)
                0x0000412c                CLKPWR_GetPCLKSEL
 .text.CLKPWR_GetPCLK
                0x00004180       0x74 C:\Users\ongwk\OneDrive\Documents\NUS\Y3S2\EE2028\Labs\Lib_MCU\Debug\libLib_MCU.a(lpc17xx_clkpwr.o)
                0x00004180                CLKPWR_GetPCLK
 .text.CLKPWR_ConfigPPWR
                0x000041f4       0x78 C:\Users\ongwk\OneDrive\Documents\NUS\Y3S2\EE2028\Labs\Lib_MCU\Debug\libLib_MCU.a(lpc17xx_clkpwr.o)
                0x000041f4                CLKPWR_ConfigPPWR
 .text          0x0000426c      0x370 c:/nxp/lpcxpresso_6.1.4_194/lpcxpresso/tools/bin/../lib/gcc/arm-none-eabi/4.6.2/armv7-m\libgcc.a(_arm_addsubdf3.o)
                0x0000426c                __aeabi_drsub
                0x00004274                __aeabi_dsub
                0x00004274                __subdf3
                0x00004278                __aeabi_dadd
                0x00004278                __adddf3
                0x000044f0                __floatunsidf
                0x000044f0                __aeabi_ui2d
                0x00004510                __floatsidf
                0x00004510                __aeabi_i2d
                0x00004534                __aeabi_f2d
                0x00004534                __extendsfdf2
                0x00004570                __floatundidf
                0x00004570                __aeabi_ul2d
                0x00004580                __floatdidf
                0x00004580                __aeabi_l2d
 .text          0x000045dc      0x424 c:/nxp/lpcxpresso_6.1.4_194/lpcxpresso/tools/bin/../lib/gcc/arm-none-eabi/4.6.2/armv7-m\libgcc.a(_arm_muldivdf3.o)
                0x000045dc                __aeabi_dmul
                0x000045dc                __muldf3
                0x00004830                __divdf3
                0x00004830                __aeabi_ddiv
 .text          0x00004a00      0x110 c:/nxp/lpcxpresso_6.1.4_194/lpcxpresso/tools/bin/../lib/gcc/arm-none-eabi/4.6.2/armv7-m\libgcc.a(_arm_cmpdf2.o)
                0x00004a00                __gtdf2
                0x00004a00                __gedf2
                0x00004a08                __ltdf2
                0x00004a08                __ledf2
                0x00004a10                __nedf2
                0x00004a10                __eqdf2
                0x00004a10                __cmpdf2
                0x00004a8c                __aeabi_cdrcmple
                0x00004a9c                __aeabi_cdcmpeq
                0x00004a9c                __aeabi_cdcmple
                0x00004aac                __aeabi_dcmpeq
                0x00004ac0                __aeabi_dcmplt
                0x00004ad4                __aeabi_dcmple
                0x00004ae8                __aeabi_dcmpge
                0x00004afc                __aeabi_dcmpgt
 .text          0x00004b10       0x40 c:/nxp/lpcxpresso_6.1.4_194/lpcxpresso/tools/bin/../lib/gcc/arm-none-eabi/4.6.2/armv7-m\libgcc.a(_arm_fixunsdfsi.o)
                0x00004b10                __aeabi_d2uiz
                0x00004b10                __fixunsdfsi
 .text          0x00004b50       0xa0 c:/nxp/lpcxpresso_6.1.4_194/lpcxpresso/tools/bin/../lib/gcc/arm-none-eabi/4.6.2/armv7-m\libgcc.a(_arm_truncdfsf2.o)
                0x00004b50                __truncdfsf2
                0x00004b50                __aeabi_d2f
 .text          0x00004bf0       0xec c:/nxp/lpcxpresso_6.1.4_194/lpcxpresso/tools/bin/../lib/gcc/arm-none-eabi/4.6.2/armv7-m\libgcc.a(_arm_cmpsf2.o)
                0x00004bf0                __gesf2
                0x00004bf0                __gtsf2
                0x00004bf8                __lesf2
                0x00004bf8                __ltsf2
                0x00004c00                __nesf2
                0x00004c00                __eqsf2
                0x00004c00                __cmpsf2
                0x00004c60                __aeabi_cfrcmple
                0x00004c68                __aeabi_cfcmpeq
                0x00004c68                __aeabi_cfcmple
                0x00004c78                __aeabi_fcmpeq
                0x00004c8c                __aeabi_fcmplt
                0x00004ca0                __aeabi_fcmple
                0x00004cb4                __aeabi_fcmpge
                0x00004cc8                __aeabi_fcmpgt
 .text          0x00004cdc       0x2c c:/nxp/lpcxpresso_6.1.4_194/lpcxpresso/tools/bin/../lib/gcc/arm-none-eabi/4.6.2/armv7-m\libgcc.a(_aeabi_uldivmod.o)
                0x00004cdc                __aeabi_uldivmod
 .text          0x00004d08       0x5c c:/nxp/lpcxpresso_6.1.4_194/lpcxpresso/tools/bin/../lib/gcc/arm-none-eabi/4.6.2/armv7-m\libgcc.a(bpabi.o)
                0x00004d08                __gnu_ldivmod_helper
                0x00004d38                __gnu_uldivmod_helper
 .text          0x00004d64        0x4 c:/nxp/lpcxpresso_6.1.4_194/lpcxpresso/tools/bin/../lib/gcc/arm-none-eabi/4.6.2/armv7-m\libgcc.a(_dvmd_tls.o)
                0x00004d64                __aeabi_idiv0
                0x00004d64                __aeabi_ldiv0
 .text          0x00004d68      0x2c8 c:/nxp/lpcxpresso_6.1.4_194/lpcxpresso/tools/bin/../lib/gcc/arm-none-eabi/4.6.2/armv7-m\libgcc.a(_divdi3.o)
                0x00004d68                __divdi3
 .text          0x00005030      0x298 c:/nxp/lpcxpresso_6.1.4_194/lpcxpresso/tools/bin/../lib/gcc/arm-none-eabi/4.6.2/armv7-m\libgcc.a(_udivdi3.o)
                0x00005030                __udivdi3
 .text.memset   0x000052c8       0x90 c:/nxp/lpcxpresso_6.1.4_194/lpcxpresso/tools/bin/../lib/gcc/arm-none-eabi/4.6.2/../../../../arm-none-eabi/lib/armv7-m\libc.a(lib_a-memset.o)
                0x000052c8                memset
 .text.sprintf  0x00005358       0x50 c:/nxp/lpcxpresso_6.1.4_194/lpcxpresso/tools/bin/../lib/gcc/arm-none-eabi/4.6.2/../../../../arm-none-eabi/lib/armv7-m\libc.a(lib_a-sprintf.o)
                0x00005358                sprintf
 .text._svfprintf_r
                0x000053a8     0x1408 c:/nxp/lpcxpresso_6.1.4_194/lpcxpresso/tools/bin/../lib/gcc/arm-none-eabi/4.6.2/../../../../arm-none-eabi/lib/armv7-m\libc.a(lib_a-svfprintf.o)
                0x000053a8                _svfprintf_r
 .text.quorem   0x000067b0      0x150 c:/nxp/lpcxpresso_6.1.4_194/lpcxpresso/tools/bin/../lib/gcc/arm-none-eabi/4.6.2/../../../../arm-none-eabi/lib/armv7-m\libc.a(lib_a-dtoa.o)
 .text._dtoa_r  0x00006900      0xe60 c:/nxp/lpcxpresso_6.1.4_194/lpcxpresso/tools/bin/../lib/gcc/arm-none-eabi/4.6.2/../../../../arm-none-eabi/lib/armv7-m\libc.a(lib_a-dtoa.o)
                0x00006900                _dtoa_r
 .text._malloc_trim_r
                0x00007760       0xa0 c:/nxp/lpcxpresso_6.1.4_194/lpcxpresso/tools/bin/../lib/gcc/arm-none-eabi/4.6.2/../../../../arm-none-eabi/lib/armv7-m\libc.a(lib_a-freer.o)
                0x00007760                _malloc_trim_r
 .text._free_r  0x00007800      0x190 c:/nxp/lpcxpresso_6.1.4_194/lpcxpresso/tools/bin/../lib/gcc/arm-none-eabi/4.6.2/../../../../arm-none-eabi/lib/armv7-m\libc.a(lib_a-freer.o)
                0x00007800                _free_r
 .text._localeconv_r
                0x00007990        0xc c:/nxp/lpcxpresso_6.1.4_194/lpcxpresso/tools/bin/../lib/gcc/arm-none-eabi/4.6.2/../../../../arm-none-eabi/lib/armv7-m\libc.a(lib_a-locale.o)
                0x00007990                _localeconv_r
 .text._malloc_r
                0x0000799c      0x528 c:/nxp/lpcxpresso_6.1.4_194/lpcxpresso/tools/bin/../lib/gcc/arm-none-eabi/4.6.2/../../../../arm-none-eabi/lib/armv7-m\libc.a(lib_a-mallocr.o)
                0x0000799c                _malloc_r
 .text.memchr   0x00007ec4       0x84 c:/nxp/lpcxpresso_6.1.4_194/lpcxpresso/tools/bin/../lib/gcc/arm-none-eabi/4.6.2/../../../../arm-none-eabi/lib/armv7-m\libc.a(lib_a-memchr.o)
                0x00007ec4                memchr
 .text.memcpy   0x00007f48       0x84 c:/nxp/lpcxpresso_6.1.4_194/lpcxpresso/tools/bin/../lib/gcc/arm-none-eabi/4.6.2/../../../../arm-none-eabi/lib/armv7-m\libc.a(lib_a-memcpy.o)
                0x00007f48                memcpy
 .text.__malloc_lock
                0x00007fcc        0x4 c:/nxp/lpcxpresso_6.1.4_194/lpcxpresso/tools/bin/../lib/gcc/arm-none-eabi/4.6.2/../../../../arm-none-eabi/lib/armv7-m\libc.a(lib_a-mlock.o)
                0x00007fcc                __malloc_lock
 .text.__malloc_unlock
                0x00007fd0        0x4 c:/nxp/lpcxpresso_6.1.4_194/lpcxpresso/tools/bin/../lib/gcc/arm-none-eabi/4.6.2/../../../../arm-none-eabi/lib/armv7-m\libc.a(lib_a-mlock.o)
                0x00007fd0                __malloc_unlock
 .text._Balloc  0x00007fd4       0x4c c:/nxp/lpcxpresso_6.1.4_194/lpcxpresso/tools/bin/../lib/gcc/arm-none-eabi/4.6.2/../../../../arm-none-eabi/lib/armv7-m\libc.a(lib_a-mprec.o)
                0x00007fd4                _Balloc
 .text._Bfree   0x00008020       0x14 c:/nxp/lpcxpresso_6.1.4_194/lpcxpresso/tools/bin/../lib/gcc/arm-none-eabi/4.6.2/../../../../arm-none-eabi/lib/armv7-m\libc.a(lib_a-mprec.o)
                0x00008020                _Bfree
 .text.__multadd
                0x00008034       0x84 c:/nxp/lpcxpresso_6.1.4_194/lpcxpresso/tools/bin/../lib/gcc/arm-none-eabi/4.6.2/../../../../arm-none-eabi/lib/armv7-m\libc.a(lib_a-mprec.o)
                0x00008034                __multadd
 .text.__hi0bits
                0x000080b8       0x3c c:/nxp/lpcxpresso_6.1.4_194/lpcxpresso/tools/bin/../lib/gcc/arm-none-eabi/4.6.2/../../../../arm-none-eabi/lib/armv7-m\libc.a(lib_a-mprec.o)
                0x000080b8                __hi0bits
 .text.__lo0bits
                0x000080f4       0x5c c:/nxp/lpcxpresso_6.1.4_194/lpcxpresso/tools/bin/../lib/gcc/arm-none-eabi/4.6.2/../../../../arm-none-eabi/lib/armv7-m\libc.a(lib_a-mprec.o)
                0x000080f4                __lo0bits
 .text.__i2b    0x00008150       0x14 c:/nxp/lpcxpresso_6.1.4_194/lpcxpresso/tools/bin/../lib/gcc/arm-none-eabi/4.6.2/../../../../arm-none-eabi/lib/armv7-m\libc.a(lib_a-mprec.o)
                0x00008150                __i2b
 .text.__multiply
                0x00008164      0x144 c:/nxp/lpcxpresso_6.1.4_194/lpcxpresso/tools/bin/../lib/gcc/arm-none-eabi/4.6.2/../../../../arm-none-eabi/lib/armv7-m\libc.a(lib_a-mprec.o)
                0x00008164                __multiply
 .text.__pow5mult
                0x000082a8       0x98 c:/nxp/lpcxpresso_6.1.4_194/lpcxpresso/tools/bin/../lib/gcc/arm-none-eabi/4.6.2/../../../../arm-none-eabi/lib/armv7-m\libc.a(lib_a-mprec.o)
                0x000082a8                __pow5mult
 .text.__lshift
                0x00008340       0xc0 c:/nxp/lpcxpresso_6.1.4_194/lpcxpresso/tools/bin/../lib/gcc/arm-none-eabi/4.6.2/../../../../arm-none-eabi/lib/armv7-m\libc.a(lib_a-mprec.o)
                0x00008340                __lshift
 .text.__mcmp   0x00008400       0x3c c:/nxp/lpcxpresso_6.1.4_194/lpcxpresso/tools/bin/../lib/gcc/arm-none-eabi/4.6.2/../../../../arm-none-eabi/lib/armv7-m\libc.a(lib_a-mprec.o)
                0x00008400                __mcmp
 .text.__mdiff  0x0000843c       0xd8 c:/nxp/lpcxpresso_6.1.4_194/lpcxpresso/tools/bin/../lib/gcc/arm-none-eabi/4.6.2/../../../../arm-none-eabi/lib/armv7-m\libc.a(lib_a-mprec.o)
                0x0000843c                __mdiff
 .text.__d2b    0x00008514       0xcc c:/nxp/lpcxpresso_6.1.4_194/lpcxpresso/tools/bin/../lib/gcc/arm-none-eabi/4.6.2/../../../../arm-none-eabi/lib/armv7-m\libc.a(lib_a-mprec.o)
                0x00008514                __d2b
 .text.__fpclassifyd
                0x000085e0       0x68 c:/nxp/lpcxpresso_6.1.4_194/lpcxpresso/tools/bin/../lib/gcc/arm-none-eabi/4.6.2/../../../../arm-none-eabi/lib/armv7-m\libc.a(lib_a-s_fpclassify.o)
                0x000085e0                __fpclassifyd
 .text._sbrk_r  0x00008648       0x24 c:/nxp/lpcxpresso_6.1.4_194/lpcxpresso/tools/bin/../lib/gcc/arm-none-eabi/4.6.2/../../../../arm-none-eabi/lib/armv7-m\libc.a(lib_a-sbrkr.o)
                0x00008648                _sbrk_r
 .text.strlen   0x0000866c       0x60 c:/nxp/lpcxpresso_6.1.4_194/lpcxpresso/tools/bin/../lib/gcc/arm-none-eabi/4.6.2/../../../../arm-none-eabi/lib/armv7-m\libc.a(lib_a-strlen.o)
                0x0000866c                strlen
 .text.__ssprint_r
                0x000086cc       0xf8 c:/nxp/lpcxpresso_6.1.4_194/lpcxpresso/tools/bin/../lib/gcc/arm-none-eabi/4.6.2/../../../../arm-none-eabi/lib/armv7-m\libc.a(lib_a-svfiprintf.o)
                0x000086cc                __ssprint_r
 .text._calloc_r
                0x000087c4       0x60 c:/nxp/lpcxpresso_6.1.4_194/lpcxpresso/tools/bin/../lib/gcc/arm-none-eabi/4.6.2/../../../../arm-none-eabi/lib/armv7-m\libc.a(lib_a-callocr.o)
                0x000087c4                _calloc_r
 .text.memmove  0x00008824       0xb0 c:/nxp/lpcxpresso_6.1.4_194/lpcxpresso/tools/bin/../lib/gcc/arm-none-eabi/4.6.2/../../../../arm-none-eabi/lib/armv7-m\libc.a(lib_a-memmove.o)
                0x00008824                memmove
 .text._realloc_r
                0x000088d4      0x3f4 c:/nxp/lpcxpresso_6.1.4_194/lpcxpresso/tools/bin/../lib/gcc/arm-none-eabi/4.6.2/../../../../arm-none-eabi/lib/armv7-m\libc.a(lib_a-reallocr.o)
                0x000088d4                _realloc_r
 .text._sbrk    0x00008cc8       0x3c c:/nxp/lpcxpresso_6.1.4_194/lpcxpresso/tools/bin/../lib/gcc/arm-none-eabi/4.6.2/../../../../arm-none-eabi/lib/armv7-m\libcr_newlib_semihost.a(_cr_sbrk.o)
                0x00008cc8                _sbrk
 .text.__check_heap_overflow
                0x00008d04       0x2c c:/nxp/lpcxpresso_6.1.4_194/lpcxpresso/tools/bin/../lib/gcc/arm-none-eabi/4.6.2/../../../../arm-none-eabi/lib/armv7-m\libcr_newlib_semihost.a(_cr_check_heap.o)
                0x00008d04                __check_heap_overflow
 .text          0x00008d30       0x50 c:/nxp/lpcxpresso_6.1.4_194/lpcxpresso/tools/bin/../lib/gcc/arm-none-eabi/4.6.2/armv7-m\libgcc.a(_arm_fixdfsi.o)
                0x00008d30                __aeabi_d2iz
                0x00008d30                __fixdfsi
 .text.__errno  0x00008d80        0xc c:/nxp/lpcxpresso_6.1.4_194/lpcxpresso/tools/bin/../lib/gcc/arm-none-eabi/4.6.2/../../../../arm-none-eabi/lib/armv7-m\libc.a(lib_a-errno.o)
                0x00008d80                __errno
 *(.rodata .rodata.* .constdata .constdata.*)
 .rodata        0x00008d8c      0x268 ./src/main.o
                0x00008d8c                CHAR_HEIGHT
                0x00008d90                LIGHT_THRESHOLD
                0x00008d94                ORBIT_MODE_MESSAGE
                0x00008e84                ORBIT_TO_LANDING_MODE_MESSAGE
                0x00008f74                invertedNums
 .rodata        0x00008ff4        0x8 C:\Users\ongwk\OneDrive\Documents\NUS\Y3S2\EE2028\Labs\Lib_EaBaseBoard\Debug\libLib_EaBaseBoard.a(oled.o)
 .rodata        0x00008ffc      0x300 C:\Users\ongwk\OneDrive\Documents\NUS\Y3S2\EE2028\Labs\Lib_EaBaseBoard\Debug\libLib_EaBaseBoard.a(font5x7.o)
                0x00008ffc                font5x7
 .rodata        0x000092fc       0x18 C:\Users\ongwk\OneDrive\Documents\NUS\Y3S2\EE2028\Labs\Lib_MCU\Debug\libLib_MCU.a(lpc17xx_i2c.o)
 .rodata        0x00009314       0x18 C:\Users\ongwk\OneDrive\Documents\NUS\Y3S2\EE2028\Labs\Lib_MCU\Debug\libLib_MCU.a(lpc17xx_ssp.o)
 .rodata        0x0000932c       0x18 C:\Users\ongwk\OneDrive\Documents\NUS\Y3S2\EE2028\Labs\Lib_MCU\Debug\libLib_MCU.a(lpc17xx_timer.o)
 .rodata.zeroes.6590
                0x00009344       0x10 c:/nxp/lpcxpresso_6.1.4_194/lpcxpresso/tools/bin/../lib/gcc/arm-none-eabi/4.6.2/../../../../arm-none-eabi/lib/armv7-m\libc.a(lib_a-svfprintf.o)
 .rodata.str1.4
                0x00009354       0x42 c:/nxp/lpcxpresso_6.1.4_194/lpcxpresso/tools/bin/../lib/gcc/arm-none-eabi/4.6.2/../../../../arm-none-eabi/lib/armv7-m\libc.a(lib_a-svfprintf.o)
                                 0x44 (size before relaxing)
 *fill*         0x00009396        0x2 00
 .rodata.blanks.6589
                0x00009398       0x10 c:/nxp/lpcxpresso_6.1.4_194/lpcxpresso/tools/bin/../lib/gcc/arm-none-eabi/4.6.2/../../../../arm-none-eabi/lib/armv7-m\libc.a(lib_a-svfprintf.o)
 .rodata.str1.4
                0x000093a8       0x10 c:/nxp/lpcxpresso_6.1.4_194/lpcxpresso/tools/bin/../lib/gcc/arm-none-eabi/4.6.2/../../../../arm-none-eabi/lib/armv7-m\libc.a(lib_a-dtoa.o)
                                 0x14 (size before relaxing)
 .rodata.str1.4
                0x000093b8        0x2 c:/nxp/lpcxpresso_6.1.4_194/lpcxpresso/tools/bin/../lib/gcc/arm-none-eabi/4.6.2/../../../../arm-none-eabi/lib/armv7-m\libc.a(lib_a-impure.o)
                                  0x4 (size before relaxing)
 *fill*         0x000093ba        0x2 00
 .rodata.str1.4
                0x000093bc        0xc c:/nxp/lpcxpresso_6.1.4_194/lpcxpresso/tools/bin/../lib/gcc/arm-none-eabi/4.6.2/../../../../arm-none-eabi/lib/armv7-m\libc.a(lib_a-locale.o)
                                 0x14 (size before relaxing)
 .rodata.__mprec_tens
                0x000093c8       0xc8 c:/nxp/lpcxpresso_6.1.4_194/lpcxpresso/tools/bin/../lib/gcc/arm-none-eabi/4.6.2/../../../../arm-none-eabi/lib/armv7-m\libc.a(lib_a-mprec.o)
                0x000093c8                __mprec_tens
 .rodata.__mprec_bigtens
                0x00009490       0x28 c:/nxp/lpcxpresso_6.1.4_194/lpcxpresso/tools/bin/../lib/gcc/arm-none-eabi/4.6.2/../../../../arm-none-eabi/lib/armv7-m\libc.a(lib_a-mprec.o)
                0x00009490                __mprec_bigtens
 .rodata.p05.5111
                0x000094b8        0xc c:/nxp/lpcxpresso_6.1.4_194/lpcxpresso/tools/bin/../lib/gcc/arm-none-eabi/4.6.2/../../../../arm-none-eabi/lib/armv7-m\libc.a(lib_a-mprec.o)
                0x000094c4                . = ALIGN (0x4)

.glue_7         0x000094c4        0x0
 .glue_7        0x00000000        0x0 linker stubs

.glue_7t        0x000094c4        0x0
 .glue_7t       0x00000000        0x0 linker stubs

.vfp11_veneer   0x000094c4        0x0
 .vfp11_veneer  0x00000000        0x0 linker stubs

.v4_bx          0x000094c4        0x0
 .v4_bx         0x00000000        0x0 linker stubs

.ARM.extab
 *(.ARM.extab* .gnu.linkonce.armextab.*)
                0x000094c4                __exidx_start = .

.ARM.exidx      0x000094c4        0x8
 *(.ARM.exidx* .gnu.linkonce.armexidx.*)
 .ARM.exidx     0x000094c4        0x8 c:/nxp/lpcxpresso_6.1.4_194/lpcxpresso/tools/bin/../lib/gcc/arm-none-eabi/4.6.2/armv7-m\libgcc.a(_divdi3.o)
 .ARM.exidx     0x000094cc        0x0 c:/nxp/lpcxpresso_6.1.4_194/lpcxpresso/tools/bin/../lib/gcc/arm-none-eabi/4.6.2/armv7-m\libgcc.a(_udivdi3.o)
                                  0x8 (size before relaxing)
                0x000094cc                __exidx_end = .
                0x000094cc                _etext = .

.data_RAM2      0x2007c000        0x0 load address 0x000094cc
 FILL mask 0xff
 *(.data.$RAM2*)
 *(.data.$RamAHB32*)
                0x2007c000                . = ALIGN (0x4)

.uninit_RESERVED
                0x10000000        0x0
 *(.bss.$RESERVED*)
                0x10000000                . = ALIGN (0x4)
                0x10000000                _end_uninit_RESERVED = .

.data           0x10000000      0xba4 load address 0x000094cc
 FILL mask 0xff
                0x10000000                _data = .
 *(vtable)
 *(.data*)
 .data          0x10000000      0x2d4 ./src/main.o
                0x10000000                batteryLevel
                0x10000004                LANDING_MODE_MESSAGE
                0x100000f4                EXPLORING_MODE_MESSAGE
                0x100001e4                SLEEPING_MODE_MESSAGE
 .data          0x100002d4        0x4 C:\Users\ongwk\OneDrive\Documents\NUS\Y3S2\EE2028\Labs\Lib_CMSISv1p30_LPC17xx\Debug\libCMSISv1p30_LPC17xx.a(system_LPC17xx.o)
                0x100002d4                SystemCoreClock
 .data          0x100002d8       0x50 C:\Users\ongwk\OneDrive\Documents\NUS\Y3S2\EE2028\Labs\Lib_EaBaseBoard\Debug\libLib_EaBaseBoard.a(led7seg.o)
 .data          0x10000328        0x8 C:\Users\ongwk\OneDrive\Documents\NUS\Y3S2\EE2028\Labs\Lib_EaBaseBoard\Debug\libLib_EaBaseBoard.a(light.o)
 .data.impure_data
                0x10000330      0x428 c:/nxp/lpcxpresso_6.1.4_194/lpcxpresso/tools/bin/../lib/gcc/arm-none-eabi/4.6.2/../../../../arm-none-eabi/lib/armv7-m\libc.a(lib_a-impure.o)
 .data._impure_ptr
                0x10000758        0x4 c:/nxp/lpcxpresso_6.1.4_194/lpcxpresso/tools/bin/../lib/gcc/arm-none-eabi/4.6.2/../../../../arm-none-eabi/lib/armv7-m\libc.a(lib_a-impure.o)
                0x10000758                _impure_ptr
 .data.lconv    0x1000075c       0x38 c:/nxp/lpcxpresso_6.1.4_194/lpcxpresso/tools/bin/../lib/gcc/arm-none-eabi/4.6.2/../../../../arm-none-eabi/lib/armv7-m\libc.a(lib_a-locale.o)
 .data.__malloc_av_
                0x10000794      0x408 c:/nxp/lpcxpresso_6.1.4_194/lpcxpresso/tools/bin/../lib/gcc/arm-none-eabi/4.6.2/../../../../arm-none-eabi/lib/armv7-m\libc.a(lib_a-mallocr.o)
                0x10000794                __malloc_av_
 .data.__malloc_trim_threshold
                0x10000b9c        0x4 c:/nxp/lpcxpresso_6.1.4_194/lpcxpresso/tools/bin/../lib/gcc/arm-none-eabi/4.6.2/../../../../arm-none-eabi/lib/armv7-m\libc.a(lib_a-mallocr.o)
                0x10000b9c                __malloc_trim_threshold
 .data.__malloc_sbrk_base
                0x10000ba0        0x4 c:/nxp/lpcxpresso_6.1.4_194/lpcxpresso/tools/bin/../lib/gcc/arm-none-eabi/4.6.2/../../../../arm-none-eabi/lib/armv7-m\libc.a(lib_a-mallocr.o)
                0x10000ba0                __malloc_sbrk_base
                0x10000ba4                . = ALIGN (0x4)
                0x10000ba4                _edata = .

.bss_RAM2       0x2007c000        0x0
 *(.bss.$RAM2*)
 *(.bss.$RamAHB32*)
                0x2007c000                . = ALIGN (0x4)

.bss            0x10000ba4      0x39c
                0x10000ba4                _bss = .
 *(.bss*)
 .bss           0x10000ba4        0x4 ./src/main.o
 .bss           0x10000ba8      0x300 C:\Users\ongwk\OneDrive\Documents\NUS\Y3S2\EE2028\Labs\Lib_EaBaseBoard\Debug\libLib_EaBaseBoard.a(oled.o)
 .bss           0x10000ea8        0x6 C:\Users\ongwk\OneDrive\Documents\NUS\Y3S2\EE2028\Labs\Lib_EaBaseBoard\Debug\libLib_EaBaseBoard.a(pca9532.o)
 *fill*         0x10000eae        0x2 00
 .bss           0x10000eb0        0x4 C:\Users\ongwk\OneDrive\Documents\NUS\Y3S2\EE2028\Labs\Lib_EaBaseBoard\Debug\libLib_EaBaseBoard.a(temp.o)
 .bss           0x10000eb4       0x24 C:\Users\ongwk\OneDrive\Documents\NUS\Y3S2\EE2028\Labs\Lib_MCU\Debug\libLib_MCU.a(lpc17xx_i2c.o)
 .bss           0x10000ed8       0x18 C:\Users\ongwk\OneDrive\Documents\NUS\Y3S2\EE2028\Labs\Lib_MCU\Debug\libLib_MCU.a(lpc17xx_ssp.o)
 .bss.__malloc_max_total_mem
                0x10000ef0        0x4 c:/nxp/lpcxpresso_6.1.4_194/lpcxpresso/tools/bin/../lib/gcc/arm-none-eabi/4.6.2/../../../../arm-none-eabi/lib/armv7-m\libc.a(lib_a-mallocr.o)
                0x10000ef0                __malloc_max_total_mem
 .bss.__malloc_max_sbrked_mem
                0x10000ef4        0x4 c:/nxp/lpcxpresso_6.1.4_194/lpcxpresso/tools/bin/../lib/gcc/arm-none-eabi/4.6.2/../../../../arm-none-eabi/lib/armv7-m\libc.a(lib_a-mallocr.o)
                0x10000ef4                __malloc_max_sbrked_mem
 .bss.__malloc_top_pad
                0x10000ef8        0x4 c:/nxp/lpcxpresso_6.1.4_194/lpcxpresso/tools/bin/../lib/gcc/arm-none-eabi/4.6.2/../../../../arm-none-eabi/lib/armv7-m\libc.a(lib_a-mallocr.o)
                0x10000ef8                __malloc_top_pad
 .bss.__malloc_current_mallinfo
                0x10000efc       0x28 c:/nxp/lpcxpresso_6.1.4_194/lpcxpresso/tools/bin/../lib/gcc/arm-none-eabi/4.6.2/../../../../arm-none-eabi/lib/armv7-m\libc.a(lib_a-mallocr.o)
                0x10000efc                __malloc_current_mallinfo
 *(COMMON)
 COMMON         0x10000f24       0x14 ./src/main.o
                0x10000f24                x
                0x10000f25                isModeChange
                0x10000f28                z
                0x10000f29                mode
                0x10000f2a                numLedToTurnOff
                0x10000f2c                interval
                0x10000f30                y
                0x10000f34                msTicks
 COMMON         0x10000f38        0x4 c:/nxp/lpcxpresso_6.1.4_194/lpcxpresso/tools/bin/../lib/gcc/arm-none-eabi/4.6.2/../../../../arm-none-eabi/lib/armv7-m\libc.a(lib_a-reent.o)
                0x10000f38                errno
 COMMON         0x10000f3c        0x4 c:/nxp/lpcxpresso_6.1.4_194/lpcxpresso/tools/bin/../lib/gcc/arm-none-eabi/4.6.2/../../../../arm-none-eabi/lib/armv7-m\libcr_newlib_semihost.a(_cr_sbrk.o)
                0x10000f3c                __end_of_heap
                0x10000f40                . = ALIGN (0x4)
                0x10000f40                _ebss = .
                0x10000f40                PROVIDE (end, .)

.noinit_RAM2    0x2007c000        0x0
 *(.noinit.$RAM2*)
 *(.noinit.$RamAHB32*)
                0x2007c000                . = ALIGN (0x4)

.noinit         0x10000f40        0x0
                0x10000f40                _noinit = .
 *(.noinit*)
                0x10000f40                . = ALIGN (0x4)
                0x10000f40                _end_noinit = .
                0x10000f40                PROVIDE (_pvHeapStart, .)
                0x10008000                PROVIDE (_vStackTop, (__top_RamLoc32 - 0x0))
OUTPUT(EE2028Asmt2S2AY201819.axf elf32-littlearm)

.debug_info     0x00000000     0x7c56
 .debug_info    0x00000000      0x209 ./src/cr_startup_lpc17.o
 .debug_info    0x00000209     0x1353 ./src/main.o
 .debug_info    0x0000155c      0x357 C:\Users\ongwk\OneDrive\Documents\NUS\Y3S2\EE2028\Labs\Lib_CMSISv1p30_LPC17xx\Debug\libCMSISv1p30_LPC17xx.a(system_LPC17xx.o)
 .debug_info    0x000018b3      0x53d C:\Users\ongwk\OneDrive\Documents\NUS\Y3S2\EE2028\Labs\Lib_EaBaseBoard\Debug\libLib_EaBaseBoard.a(acc.o)
 .debug_info    0x00001df0      0x282 C:\Users\ongwk\OneDrive\Documents\NUS\Y3S2\EE2028\Labs\Lib_EaBaseBoard\Debug\libLib_EaBaseBoard.a(led7seg.o)
 .debug_info    0x00002072      0x763 C:\Users\ongwk\OneDrive\Documents\NUS\Y3S2\EE2028\Labs\Lib_EaBaseBoard\Debug\libLib_EaBaseBoard.a(light.o)
 .debug_info    0x000027d5      0x97d C:\Users\ongwk\OneDrive\Documents\NUS\Y3S2\EE2028\Labs\Lib_EaBaseBoard\Debug\libLib_EaBaseBoard.a(oled.o)
 .debug_info    0x00003152      0x642 C:\Users\ongwk\OneDrive\Documents\NUS\Y3S2\EE2028\Labs\Lib_EaBaseBoard\Debug\libLib_EaBaseBoard.a(pca9532.o)
 .debug_info    0x00003794      0x154 C:\Users\ongwk\OneDrive\Documents\NUS\Y3S2\EE2028\Labs\Lib_EaBaseBoard\Debug\libLib_EaBaseBoard.a(temp.o)
 .debug_info    0x000038e8       0x65 C:\Users\ongwk\OneDrive\Documents\NUS\Y3S2\EE2028\Labs\Lib_EaBaseBoard\Debug\libLib_EaBaseBoard.a(font5x7.o)
 .debug_info    0x0000394d      0xb95 C:\Users\ongwk\OneDrive\Documents\NUS\Y3S2\EE2028\Labs\Lib_MCU\Debug\libLib_MCU.a(lpc17xx_gpio.o)
 .debug_info    0x000044e2      0xcc3 C:\Users\ongwk\OneDrive\Documents\NUS\Y3S2\EE2028\Labs\Lib_MCU\Debug\libLib_MCU.a(lpc17xx_i2c.o)
 .debug_info    0x000051a5       0xcd C:\Users\ongwk\OneDrive\Documents\NUS\Y3S2\EE2028\Labs\Lib_MCU\Debug\libLib_MCU.a(lpc17xx_libcfg_default.o)
 .debug_info    0x00005272      0x4b1 C:\Users\ongwk\OneDrive\Documents\NUS\Y3S2\EE2028\Labs\Lib_MCU\Debug\libLib_MCU.a(lpc17xx_pinsel.o)
 .debug_info    0x00005723      0x867 C:\Users\ongwk\OneDrive\Documents\NUS\Y3S2\EE2028\Labs\Lib_MCU\Debug\libLib_MCU.a(lpc17xx_ssp.o)
 .debug_info    0x00005f8a      0x8e4 C:\Users\ongwk\OneDrive\Documents\NUS\Y3S2\EE2028\Labs\Lib_MCU\Debug\libLib_MCU.a(lpc17xx_timer.o)
 .debug_info    0x0000686e      0x641 C:\Users\ongwk\OneDrive\Documents\NUS\Y3S2\EE2028\Labs\Lib_MCU\Debug\libLib_MCU.a(lpc17xx_clkpwr.o)
 .debug_info    0x00006eaf      0x106 c:/nxp/lpcxpresso_6.1.4_194/lpcxpresso/tools/bin/../lib/gcc/arm-none-eabi/4.6.2/../../../../arm-none-eabi/lib/armv7-m\libcr_newlib_semihost.a(_cr_sbrk.o)
 .debug_info    0x00006fb5      0xbec c:/nxp/lpcxpresso_6.1.4_194/lpcxpresso/tools/bin/../lib/gcc/arm-none-eabi/4.6.2/../../../../arm-none-eabi/lib/armv7-m\libcr_newlib_semihost.a(syscalls.o)
 .debug_info    0x00007ba1       0xb5 c:/nxp/lpcxpresso_6.1.4_194/lpcxpresso/tools/bin/../lib/gcc/arm-none-eabi/4.6.2/../../../../arm-none-eabi/lib/armv7-m\libcr_newlib_semihost.a(_cr_check_heap.o)

.debug_abbrev   0x00000000     0x1b52
 .debug_abbrev  0x00000000       0xb4 ./src/cr_startup_lpc17.o
 .debug_abbrev  0x000000b4      0x2f8 ./src/main.o
 .debug_abbrev  0x000003ac       0xce C:\Users\ongwk\OneDrive\Documents\NUS\Y3S2\EE2028\Labs\Lib_CMSISv1p30_LPC17xx\Debug\libCMSISv1p30_LPC17xx.a(system_LPC17xx.o)
 .debug_abbrev  0x0000047a      0x15c C:\Users\ongwk\OneDrive\Documents\NUS\Y3S2\EE2028\Labs\Lib_EaBaseBoard\Debug\libLib_EaBaseBoard.a(acc.o)
 .debug_abbrev  0x000005d6      0x155 C:\Users\ongwk\OneDrive\Documents\NUS\Y3S2\EE2028\Labs\Lib_EaBaseBoard\Debug\libLib_EaBaseBoard.a(led7seg.o)
 .debug_abbrev  0x0000072b      0x1bd C:\Users\ongwk\OneDrive\Documents\NUS\Y3S2\EE2028\Labs\Lib_EaBaseBoard\Debug\libLib_EaBaseBoard.a(light.o)
 .debug_abbrev  0x000008e8      0x1f1 C:\Users\ongwk\OneDrive\Documents\NUS\Y3S2\EE2028\Labs\Lib_EaBaseBoard\Debug\libLib_EaBaseBoard.a(oled.o)
 .debug_abbrev  0x00000ad9      0x1aa C:\Users\ongwk\OneDrive\Documents\NUS\Y3S2\EE2028\Labs\Lib_EaBaseBoard\Debug\libLib_EaBaseBoard.a(pca9532.o)
 .debug_abbrev  0x00000c83       0xc2 C:\Users\ongwk\OneDrive\Documents\NUS\Y3S2\EE2028\Labs\Lib_EaBaseBoard\Debug\libLib_EaBaseBoard.a(temp.o)
 .debug_abbrev  0x00000d45       0x4b C:\Users\ongwk\OneDrive\Documents\NUS\Y3S2\EE2028\Labs\Lib_EaBaseBoard\Debug\libLib_EaBaseBoard.a(font5x7.o)
 .debug_abbrev  0x00000d90      0x185 C:\Users\ongwk\OneDrive\Documents\NUS\Y3S2\EE2028\Labs\Lib_MCU\Debug\libLib_MCU.a(lpc17xx_gpio.o)
 .debug_abbrev  0x00000f15      0x24a C:\Users\ongwk\OneDrive\Documents\NUS\Y3S2\EE2028\Labs\Lib_MCU\Debug\libLib_MCU.a(lpc17xx_i2c.o)
 .debug_abbrev  0x0000115f       0x6a C:\Users\ongwk\OneDrive\Documents\NUS\Y3S2\EE2028\Labs\Lib_MCU\Debug\libLib_MCU.a(lpc17xx_libcfg_default.o)
 .debug_abbrev  0x000011c9      0x10a C:\Users\ongwk\OneDrive\Documents\NUS\Y3S2\EE2028\Labs\Lib_MCU\Debug\libLib_MCU.a(lpc17xx_pinsel.o)
 .debug_abbrev  0x000012d3      0x1d3 C:\Users\ongwk\OneDrive\Documents\NUS\Y3S2\EE2028\Labs\Lib_MCU\Debug\libLib_MCU.a(lpc17xx_ssp.o)
 .debug_abbrev  0x000014a6      0x19f C:\Users\ongwk\OneDrive\Documents\NUS\Y3S2\EE2028\Labs\Lib_MCU\Debug\libLib_MCU.a(lpc17xx_timer.o)
 .debug_abbrev  0x00001645      0x174 C:\Users\ongwk\OneDrive\Documents\NUS\Y3S2\EE2028\Labs\Lib_MCU\Debug\libLib_MCU.a(lpc17xx_clkpwr.o)
 .debug_abbrev  0x000017b9       0xa8 c:/nxp/lpcxpresso_6.1.4_194/lpcxpresso/tools/bin/../lib/gcc/arm-none-eabi/4.6.2/../../../../arm-none-eabi/lib/armv7-m\libcr_newlib_semihost.a(_cr_sbrk.o)
 .debug_abbrev  0x00001861      0x27f c:/nxp/lpcxpresso_6.1.4_194/lpcxpresso/tools/bin/../lib/gcc/arm-none-eabi/4.6.2/../../../../arm-none-eabi/lib/armv7-m\libcr_newlib_semihost.a(syscalls.o)
 .debug_abbrev  0x00001ae0       0x72 c:/nxp/lpcxpresso_6.1.4_194/lpcxpresso/tools/bin/../lib/gcc/arm-none-eabi/4.6.2/../../../../arm-none-eabi/lib/armv7-m\libcr_newlib_semihost.a(_cr_check_heap.o)

.debug_loc      0x00000000     0x3358
 .debug_loc     0x00000000      0x1f0 ./src/cr_startup_lpc17.o
 .debug_loc     0x000001f0      0x4ec ./src/main.o
 .debug_loc     0x000006dc       0x58 C:\Users\ongwk\OneDrive\Documents\NUS\Y3S2\EE2028\Labs\Lib_CMSISv1p30_LPC17xx\Debug\libCMSISv1p30_LPC17xx.a(system_LPC17xx.o)
 .debug_loc     0x00000734      0x1f0 C:\Users\ongwk\OneDrive\Documents\NUS\Y3S2\EE2028\Labs\Lib_EaBaseBoard\Debug\libLib_EaBaseBoard.a(acc.o)
 .debug_loc     0x00000924       0x64 C:\Users\ongwk\OneDrive\Documents\NUS\Y3S2\EE2028\Labs\Lib_EaBaseBoard\Debug\libLib_EaBaseBoard.a(led7seg.o)
 .debug_loc     0x00000988      0x378 C:\Users\ongwk\OneDrive\Documents\NUS\Y3S2\EE2028\Labs\Lib_EaBaseBoard\Debug\libLib_EaBaseBoard.a(light.o)
 .debug_loc     0x00000d00      0x33e C:\Users\ongwk\OneDrive\Documents\NUS\Y3S2\EE2028\Labs\Lib_EaBaseBoard\Debug\libLib_EaBaseBoard.a(oled.o)
 .debug_loc     0x0000103e      0x2d0 C:\Users\ongwk\OneDrive\Documents\NUS\Y3S2\EE2028\Labs\Lib_EaBaseBoard\Debug\libLib_EaBaseBoard.a(pca9532.o)
 .debug_loc     0x0000130e       0x70 C:\Users\ongwk\OneDrive\Documents\NUS\Y3S2\EE2028\Labs\Lib_EaBaseBoard\Debug\libLib_EaBaseBoard.a(temp.o)
 .debug_loc     0x0000137e      0x4d0 C:\Users\ongwk\OneDrive\Documents\NUS\Y3S2\EE2028\Labs\Lib_MCU\Debug\libLib_MCU.a(lpc17xx_gpio.o)
 .debug_loc     0x0000184e      0x4e4 C:\Users\ongwk\OneDrive\Documents\NUS\Y3S2\EE2028\Labs\Lib_MCU\Debug\libLib_MCU.a(lpc17xx_i2c.o)
 .debug_loc     0x00001d32       0x38 C:\Users\ongwk\OneDrive\Documents\NUS\Y3S2\EE2028\Labs\Lib_MCU\Debug\libLib_MCU.a(lpc17xx_libcfg_default.o)
 .debug_loc     0x00001d6a      0x150 C:\Users\ongwk\OneDrive\Documents\NUS\Y3S2\EE2028\Labs\Lib_MCU\Debug\libLib_MCU.a(lpc17xx_pinsel.o)
 .debug_loc     0x00001eba      0x448 C:\Users\ongwk\OneDrive\Documents\NUS\Y3S2\EE2028\Labs\Lib_MCU\Debug\libLib_MCU.a(lpc17xx_ssp.o)
 .debug_loc     0x00002302      0x3b8 C:\Users\ongwk\OneDrive\Documents\NUS\Y3S2\EE2028\Labs\Lib_MCU\Debug\libLib_MCU.a(lpc17xx_timer.o)
 .debug_loc     0x000026ba      0x1bc C:\Users\ongwk\OneDrive\Documents\NUS\Y3S2\EE2028\Labs\Lib_MCU\Debug\libLib_MCU.a(lpc17xx_clkpwr.o)
 .debug_loc     0x00002876       0x55 c:/nxp/lpcxpresso_6.1.4_194/lpcxpresso/tools/bin/../lib/gcc/arm-none-eabi/4.6.2/../../../../arm-none-eabi/lib/armv7-m\libcr_newlib_semihost.a(_cr_sbrk.o)
 .debug_loc     0x000028cb      0xa64 c:/nxp/lpcxpresso_6.1.4_194/lpcxpresso/tools/bin/../lib/gcc/arm-none-eabi/4.6.2/../../../../arm-none-eabi/lib/armv7-m\libcr_newlib_semihost.a(syscalls.o)
 .debug_loc     0x0000332f       0x29 c:/nxp/lpcxpresso_6.1.4_194/lpcxpresso/tools/bin/../lib/gcc/arm-none-eabi/4.6.2/../../../../arm-none-eabi/lib/armv7-m\libcr_newlib_semihost.a(_cr_check_heap.o)

.debug_aranges  0x00000000      0x8b0
 .debug_aranges
                0x00000000       0x70 ./src/cr_startup_lpc17.o
 .debug_aranges
                0x00000070       0xd8 ./src/main.o
 .debug_aranges
                0x00000148       0x28 C:\Users\ongwk\OneDrive\Documents\NUS\Y3S2\EE2028\Labs\Lib_CMSISv1p30_LPC17xx\Debug\libCMSISv1p30_LPC17xx.a(system_LPC17xx.o)
 .debug_aranges
                0x00000170       0x60 C:\Users\ongwk\OneDrive\Documents\NUS\Y3S2\EE2028\Labs\Lib_EaBaseBoard\Debug\libLib_EaBaseBoard.a(acc.o)
 .debug_aranges
                0x000001d0       0x28 C:\Users\ongwk\OneDrive\Documents\NUS\Y3S2\EE2028\Labs\Lib_EaBaseBoard\Debug\libLib_EaBaseBoard.a(led7seg.o)
 .debug_aranges
                0x000001f8       0x98 C:\Users\ongwk\OneDrive\Documents\NUS\Y3S2\EE2028\Labs\Lib_EaBaseBoard\Debug\libLib_EaBaseBoard.a(light.o)
 .debug_aranges
                0x00000290       0x90 C:\Users\ongwk\OneDrive\Documents\NUS\Y3S2\EE2028\Labs\Lib_EaBaseBoard\Debug\libLib_EaBaseBoard.a(oled.o)
 .debug_aranges
                0x00000320       0x80 C:\Users\ongwk\OneDrive\Documents\NUS\Y3S2\EE2028\Labs\Lib_EaBaseBoard\Debug\libLib_EaBaseBoard.a(pca9532.o)
 .debug_aranges
                0x000003a0       0x28 C:\Users\ongwk\OneDrive\Documents\NUS\Y3S2\EE2028\Labs\Lib_EaBaseBoard\Debug\libLib_EaBaseBoard.a(temp.o)
 .debug_aranges
                0x000003c8       0xc8 C:\Users\ongwk\OneDrive\Documents\NUS\Y3S2\EE2028\Labs\Lib_MCU\Debug\libLib_MCU.a(lpc17xx_gpio.o)
 .debug_aranges
                0x00000490       0xd0 C:\Users\ongwk\OneDrive\Documents\NUS\Y3S2\EE2028\Labs\Lib_MCU\Debug\libLib_MCU.a(lpc17xx_i2c.o)
 .debug_aranges
                0x00000560       0x20 C:\Users\ongwk\OneDrive\Documents\NUS\Y3S2\EE2028\Labs\Lib_MCU\Debug\libLib_MCU.a(lpc17xx_libcfg_default.o)
 .debug_aranges
                0x00000580       0x48 C:\Users\ongwk\OneDrive\Documents\NUS\Y3S2\EE2028\Labs\Lib_MCU\Debug\libLib_MCU.a(lpc17xx_pinsel.o)
 .debug_aranges
                0x000005c8       0xb8 C:\Users\ongwk\OneDrive\Documents\NUS\Y3S2\EE2028\Labs\Lib_MCU\Debug\libLib_MCU.a(lpc17xx_ssp.o)
 .debug_aranges
                0x00000680       0xa0 C:\Users\ongwk\OneDrive\Documents\NUS\Y3S2\EE2028\Labs\Lib_MCU\Debug\libLib_MCU.a(lpc17xx_timer.o)
 .debug_aranges
                0x00000720       0x60 C:\Users\ongwk\OneDrive\Documents\NUS\Y3S2\EE2028\Labs\Lib_MCU\Debug\libLib_MCU.a(lpc17xx_clkpwr.o)
 .debug_aranges
                0x00000780       0x20 c:/nxp/lpcxpresso_6.1.4_194/lpcxpresso/tools/bin/../lib/gcc/arm-none-eabi/4.6.2/../../../../arm-none-eabi/lib/armv7-m\libcr_newlib_semihost.a(_cr_sbrk.o)
 .debug_aranges
                0x000007a0       0xf0 c:/nxp/lpcxpresso_6.1.4_194/lpcxpresso/tools/bin/../lib/gcc/arm-none-eabi/4.6.2/../../../../arm-none-eabi/lib/armv7-m\libcr_newlib_semihost.a(syscalls.o)
 .debug_aranges
                0x00000890       0x20 c:/nxp/lpcxpresso_6.1.4_194/lpcxpresso/tools/bin/../lib/gcc/arm-none-eabi/4.6.2/../../../../arm-none-eabi/lib/armv7-m\libcr_newlib_semihost.a(_cr_check_heap.o)

.debug_ranges   0x00000000      0x7e0
 .debug_ranges  0x00000000       0x60 ./src/cr_startup_lpc17.o
 .debug_ranges  0x00000060       0xc8 ./src/main.o
 .debug_ranges  0x00000128       0x18 C:\Users\ongwk\OneDrive\Documents\NUS\Y3S2\EE2028\Labs\Lib_CMSISv1p30_LPC17xx\Debug\libCMSISv1p30_LPC17xx.a(system_LPC17xx.o)
 .debug_ranges  0x00000140       0x50 C:\Users\ongwk\OneDrive\Documents\NUS\Y3S2\EE2028\Labs\Lib_EaBaseBoard\Debug\libLib_EaBaseBoard.a(acc.o)
 .debug_ranges  0x00000190       0x18 C:\Users\ongwk\OneDrive\Documents\NUS\Y3S2\EE2028\Labs\Lib_EaBaseBoard\Debug\libLib_EaBaseBoard.a(led7seg.o)
 .debug_ranges  0x000001a8       0x88 C:\Users\ongwk\OneDrive\Documents\NUS\Y3S2\EE2028\Labs\Lib_EaBaseBoard\Debug\libLib_EaBaseBoard.a(light.o)
 .debug_ranges  0x00000230       0x80 C:\Users\ongwk\OneDrive\Documents\NUS\Y3S2\EE2028\Labs\Lib_EaBaseBoard\Debug\libLib_EaBaseBoard.a(oled.o)
 .debug_ranges  0x000002b0       0x70 C:\Users\ongwk\OneDrive\Documents\NUS\Y3S2\EE2028\Labs\Lib_EaBaseBoard\Debug\libLib_EaBaseBoard.a(pca9532.o)
 .debug_ranges  0x00000320       0x18 C:\Users\ongwk\OneDrive\Documents\NUS\Y3S2\EE2028\Labs\Lib_EaBaseBoard\Debug\libLib_EaBaseBoard.a(temp.o)
 .debug_ranges  0x00000338       0xb8 C:\Users\ongwk\OneDrive\Documents\NUS\Y3S2\EE2028\Labs\Lib_MCU\Debug\libLib_MCU.a(lpc17xx_gpio.o)
 .debug_ranges  0x000003f0       0xc0 C:\Users\ongwk\OneDrive\Documents\NUS\Y3S2\EE2028\Labs\Lib_MCU\Debug\libLib_MCU.a(lpc17xx_i2c.o)
 .debug_ranges  0x000004b0       0x10 C:\Users\ongwk\OneDrive\Documents\NUS\Y3S2\EE2028\Labs\Lib_MCU\Debug\libLib_MCU.a(lpc17xx_libcfg_default.o)
 .debug_ranges  0x000004c0       0x38 C:\Users\ongwk\OneDrive\Documents\NUS\Y3S2\EE2028\Labs\Lib_MCU\Debug\libLib_MCU.a(lpc17xx_pinsel.o)
 .debug_ranges  0x000004f8       0xa8 C:\Users\ongwk\OneDrive\Documents\NUS\Y3S2\EE2028\Labs\Lib_MCU\Debug\libLib_MCU.a(lpc17xx_ssp.o)
 .debug_ranges  0x000005a0       0x90 C:\Users\ongwk\OneDrive\Documents\NUS\Y3S2\EE2028\Labs\Lib_MCU\Debug\libLib_MCU.a(lpc17xx_timer.o)
 .debug_ranges  0x00000630       0x50 C:\Users\ongwk\OneDrive\Documents\NUS\Y3S2\EE2028\Labs\Lib_MCU\Debug\libLib_MCU.a(lpc17xx_clkpwr.o)
 .debug_ranges  0x00000680       0x10 c:/nxp/lpcxpresso_6.1.4_194/lpcxpresso/tools/bin/../lib/gcc/arm-none-eabi/4.6.2/../../../../arm-none-eabi/lib/armv7-m\libcr_newlib_semihost.a(_cr_sbrk.o)
 .debug_ranges  0x00000690      0x140 c:/nxp/lpcxpresso_6.1.4_194/lpcxpresso/tools/bin/../lib/gcc/arm-none-eabi/4.6.2/../../../../arm-none-eabi/lib/armv7-m\libcr_newlib_semihost.a(syscalls.o)
 .debug_ranges  0x000007d0       0x10 c:/nxp/lpcxpresso_6.1.4_194/lpcxpresso/tools/bin/../lib/gcc/arm-none-eabi/4.6.2/../../../../arm-none-eabi/lib/armv7-m\libcr_newlib_semihost.a(_cr_check_heap.o)

.debug_line     0x00000000     0x6467
 .debug_line    0x00000000      0x372 ./src/cr_startup_lpc17.o
 .debug_line    0x00000372      0xa91 ./src/main.o
 .debug_line    0x00000e03      0x411 C:\Users\ongwk\OneDrive\Documents\NUS\Y3S2\EE2028\Labs\Lib_CMSISv1p30_LPC17xx\Debug\libCMSISv1p30_LPC17xx.a(system_LPC17xx.o)
 .debug_line    0x00001214      0x500 C:\Users\ongwk\OneDrive\Documents\NUS\Y3S2\EE2028\Labs\Lib_EaBaseBoard\Debug\libLib_EaBaseBoard.a(acc.o)
 .debug_line    0x00001714      0x47b C:\Users\ongwk\OneDrive\Documents\NUS\Y3S2\EE2028\Labs\Lib_EaBaseBoard\Debug\libLib_EaBaseBoard.a(led7seg.o)
 .debug_line    0x00001b8f      0x5ac C:\Users\ongwk\OneDrive\Documents\NUS\Y3S2\EE2028\Labs\Lib_EaBaseBoard\Debug\libLib_EaBaseBoard.a(light.o)
 .debug_line    0x0000213b      0x785 C:\Users\ongwk\OneDrive\Documents\NUS\Y3S2\EE2028\Labs\Lib_EaBaseBoard\Debug\libLib_EaBaseBoard.a(oled.o)
 .debug_line    0x000028c0      0x597 C:\Users\ongwk\OneDrive\Documents\NUS\Y3S2\EE2028\Labs\Lib_EaBaseBoard\Debug\libLib_EaBaseBoard.a(pca9532.o)
 .debug_line    0x00002e57      0x479 C:\Users\ongwk\OneDrive\Documents\NUS\Y3S2\EE2028\Labs\Lib_EaBaseBoard\Debug\libLib_EaBaseBoard.a(temp.o)
 .debug_line    0x000032d0       0x8c C:\Users\ongwk\OneDrive\Documents\NUS\Y3S2\EE2028\Labs\Lib_EaBaseBoard\Debug\libLib_EaBaseBoard.a(font5x7.o)
 .debug_line    0x0000335c      0x5f2 C:\Users\ongwk\OneDrive\Documents\NUS\Y3S2\EE2028\Labs\Lib_MCU\Debug\libLib_MCU.a(lpc17xx_gpio.o)
 .debug_line    0x0000394e      0x90d C:\Users\ongwk\OneDrive\Documents\NUS\Y3S2\EE2028\Labs\Lib_MCU\Debug\libLib_MCU.a(lpc17xx_i2c.o)
 .debug_line    0x0000425b      0x388 C:\Users\ongwk\OneDrive\Documents\NUS\Y3S2\EE2028\Labs\Lib_MCU\Debug\libLib_MCU.a(lpc17xx_libcfg_default.o)
 .debug_line    0x000045e3      0x471 C:\Users\ongwk\OneDrive\Documents\NUS\Y3S2\EE2028\Labs\Lib_MCU\Debug\libLib_MCU.a(lpc17xx_pinsel.o)
 .debug_line    0x00004a54      0x840 C:\Users\ongwk\OneDrive\Documents\NUS\Y3S2\EE2028\Labs\Lib_MCU\Debug\libLib_MCU.a(lpc17xx_ssp.o)
 .debug_line    0x00005294      0x79e C:\Users\ongwk\OneDrive\Documents\NUS\Y3S2\EE2028\Labs\Lib_MCU\Debug\libLib_MCU.a(lpc17xx_timer.o)
 .debug_line    0x00005a32      0x4d2 C:\Users\ongwk\OneDrive\Documents\NUS\Y3S2\EE2028\Labs\Lib_MCU\Debug\libLib_MCU.a(lpc17xx_clkpwr.o)
 .debug_line    0x00005f04       0xc0 c:/nxp/lpcxpresso_6.1.4_194/lpcxpresso/tools/bin/../lib/gcc/arm-none-eabi/4.6.2/../../../../arm-none-eabi/lib/armv7-m\libcr_newlib_semihost.a(_cr_sbrk.o)
 .debug_line    0x00005fc4      0x44f c:/nxp/lpcxpresso_6.1.4_194/lpcxpresso/tools/bin/../lib/gcc/arm-none-eabi/4.6.2/../../../../arm-none-eabi/lib/armv7-m\libcr_newlib_semihost.a(syscalls.o)
 .debug_line    0x00006413       0x54 c:/nxp/lpcxpresso_6.1.4_194/lpcxpresso/tools/bin/../lib/gcc/arm-none-eabi/4.6.2/../../../../arm-none-eabi/lib/armv7-m\libcr_newlib_semihost.a(_cr_check_heap.o)

.debug_macinfo  0x00000000    0x8efc9
 .debug_macinfo
                0x00000000     0x2c15 ./src/cr_startup_lpc17.o
 .debug_macinfo
                0x00002c15     0xcb12 ./src/main.o
 .debug_macinfo
                0x0000f727     0x83f8 C:\Users\ongwk\OneDrive\Documents\NUS\Y3S2\EE2028\Labs\Lib_CMSISv1p30_LPC17xx\Debug\libCMSISv1p30_LPC17xx.a(system_LPC17xx.o)
 .debug_macinfo
                0x00017b1f     0x8f1b C:\Users\ongwk\OneDrive\Documents\NUS\Y3S2\EE2028\Labs\Lib_EaBaseBoard\Debug\libLib_EaBaseBoard.a(acc.o)
 .debug_macinfo
                0x00020a3a     0x96a3 C:\Users\ongwk\OneDrive\Documents\NUS\Y3S2\EE2028\Labs\Lib_EaBaseBoard\Debug\libLib_EaBaseBoard.a(led7seg.o)
 .debug_macinfo
                0x0002a0dd     0x8e3a C:\Users\ongwk\OneDrive\Documents\NUS\Y3S2\EE2028\Labs\Lib_EaBaseBoard\Debug\libLib_EaBaseBoard.a(light.o)
 .debug_macinfo
                0x00032f17     0xa143 C:\Users\ongwk\OneDrive\Documents\NUS\Y3S2\EE2028\Labs\Lib_EaBaseBoard\Debug\libLib_EaBaseBoard.a(oled.o)
 .debug_macinfo
                0x0003d05a     0x8e59 C:\Users\ongwk\OneDrive\Documents\NUS\Y3S2\EE2028\Labs\Lib_EaBaseBoard\Debug\libLib_EaBaseBoard.a(pca9532.o)
 .debug_macinfo
                0x00045eb3     0x85e6 C:\Users\ongwk\OneDrive\Documents\NUS\Y3S2\EE2028\Labs\Lib_EaBaseBoard\Debug\libLib_EaBaseBoard.a(temp.o)
 .debug_macinfo
                0x0004e499     0x332a C:\Users\ongwk\OneDrive\Documents\NUS\Y3S2\EE2028\Labs\Lib_EaBaseBoard\Debug\libLib_EaBaseBoard.a(font5x7.o)
 .debug_macinfo
                0x000517c3     0x86b8 C:\Users\ongwk\OneDrive\Documents\NUS\Y3S2\EE2028\Labs\Lib_MCU\Debug\libLib_MCU.a(lpc17xx_gpio.o)
 .debug_macinfo
                0x00059e7b     0xa5d8 C:\Users\ongwk\OneDrive\Documents\NUS\Y3S2\EE2028\Labs\Lib_MCU\Debug\libLib_MCU.a(lpc17xx_i2c.o)
 .debug_macinfo
                0x00064453     0x400d C:\Users\ongwk\OneDrive\Documents\NUS\Y3S2\EE2028\Labs\Lib_MCU\Debug\libLib_MCU.a(lpc17xx_libcfg_default.o)
 .debug_macinfo
                0x00068460     0x87d3 C:\Users\ongwk\OneDrive\Documents\NUS\Y3S2\EE2028\Labs\Lib_MCU\Debug\libLib_MCU.a(lpc17xx_pinsel.o)
 .debug_macinfo
                0x00070c33     0xa8d0 C:\Users\ongwk\OneDrive\Documents\NUS\Y3S2\EE2028\Labs\Lib_MCU\Debug\libLib_MCU.a(lpc17xx_ssp.o)
 .debug_macinfo
                0x0007b503     0xa4cd C:\Users\ongwk\OneDrive\Documents\NUS\Y3S2\EE2028\Labs\Lib_MCU\Debug\libLib_MCU.a(lpc17xx_timer.o)
 .debug_macinfo
                0x000859d0     0x95f9 C:\Users\ongwk\OneDrive\Documents\NUS\Y3S2\EE2028\Labs\Lib_MCU\Debug\libLib_MCU.a(lpc17xx_clkpwr.o)

.debug_str      0x00000000     0x26db
 .debug_str     0x00000000      0x1de ./src/cr_startup_lpc17.o
                                0x218 (size before relaxing)
 .debug_str     0x000001de      0x8bc ./src/main.o
                                0xa3f (size before relaxing)
 .debug_str     0x00000a9a       0x94 C:\Users\ongwk\OneDrive\Documents\NUS\Y3S2\EE2028\Labs\Lib_CMSISv1p30_LPC17xx\Debug\libCMSISv1p30_LPC17xx.a(system_LPC17xx.o)
                                0x2a6 (size before relaxing)
 .debug_str     0x00000b2e      0x223 C:\Users\ongwk\OneDrive\Documents\NUS\Y3S2\EE2028\Labs\Lib_EaBaseBoard\Debug\libLib_EaBaseBoard.a(acc.o)
                                0x3a2 (size before relaxing)
 .debug_str     0x00000d51       0x78 C:\Users\ongwk\OneDrive\Documents\NUS\Y3S2\EE2028\Labs\Lib_EaBaseBoard\Debug\libLib_EaBaseBoard.a(led7seg.o)
                                0x20e (size before relaxing)
 .debug_str     0x00000dc9      0x24a C:\Users\ongwk\OneDrive\Documents\NUS\Y3S2\EE2028\Labs\Lib_EaBaseBoard\Debug\libLib_EaBaseBoard.a(light.o)
                                0x507 (size before relaxing)
 .debug_str     0x00001013      0x1b2 C:\Users\ongwk\OneDrive\Documents\NUS\Y3S2\EE2028\Labs\Lib_EaBaseBoard\Debug\libLib_EaBaseBoard.a(oled.o)
                                0x3bf (size before relaxing)
 .debug_str     0x000011c5      0x136 C:\Users\ongwk\OneDrive\Documents\NUS\Y3S2\EE2028\Labs\Lib_EaBaseBoard\Debug\libLib_EaBaseBoard.a(pca9532.o)
                                0x3f9 (size before relaxing)
 .debug_str     0x000012fb       0x33 C:\Users\ongwk\OneDrive\Documents\NUS\Y3S2\EE2028\Labs\Lib_EaBaseBoard\Debug\libLib_EaBaseBoard.a(temp.o)
                                0x176 (size before relaxing)
 .debug_str     0x0000132e       0x11 C:\Users\ongwk\OneDrive\Documents\NUS\Y3S2\EE2028\Labs\Lib_EaBaseBoard\Debug\libLib_EaBaseBoard.a(font5x7.o)
                                 0xca (size before relaxing)
 .debug_str     0x0000133f      0x383 C:\Users\ongwk\OneDrive\Documents\NUS\Y3S2\EE2028\Labs\Lib_MCU\Debug\libLib_MCU.a(lpc17xx_gpio.o)
                                0x47b (size before relaxing)
 .debug_str     0x000016c2      0x30f C:\Users\ongwk\OneDrive\Documents\NUS\Y3S2\EE2028\Labs\Lib_MCU\Debug\libLib_MCU.a(lpc17xx_i2c.o)
                                0x811 (size before relaxing)
 .debug_str     0x000019d1       0x32 C:\Users\ongwk\OneDrive\Documents\NUS\Y3S2\EE2028\Labs\Lib_MCU\Debug\libLib_MCU.a(lpc17xx_libcfg_default.o)
                                0x154 (size before relaxing)
 .debug_str     0x00001a03      0x214 C:\Users\ongwk\OneDrive\Documents\NUS\Y3S2\EE2028\Labs\Lib_MCU\Debug\libLib_MCU.a(lpc17xx_pinsel.o)
                                0x3b0 (size before relaxing)
 .debug_str     0x00001c17      0x20c C:\Users\ongwk\OneDrive\Documents\NUS\Y3S2\EE2028\Labs\Lib_MCU\Debug\libLib_MCU.a(lpc17xx_ssp.o)
                                0x48e (size before relaxing)
 .debug_str     0x00001e23      0x419 C:\Users\ongwk\OneDrive\Documents\NUS\Y3S2\EE2028\Labs\Lib_MCU\Debug\libLib_MCU.a(lpc17xx_timer.o)
                                0x5c4 (size before relaxing)
 .debug_str     0x0000223c       0xcb C:\Users\ongwk\OneDrive\Documents\NUS\Y3S2\EE2028\Labs\Lib_MCU\Debug\libLib_MCU.a(lpc17xx_clkpwr.o)
                                0x3ac (size before relaxing)
 .debug_str     0x00002307       0xbc c:/nxp/lpcxpresso_6.1.4_194/lpcxpresso/tools/bin/../lib/gcc/arm-none-eabi/4.6.2/../../../../arm-none-eabi/lib/armv7-m\libcr_newlib_semihost.a(_cr_sbrk.o)
                                0x145 (size before relaxing)
 .debug_str     0x000023c3      0x2dd c:/nxp/lpcxpresso_6.1.4_194/lpcxpresso/tools/bin/../lib/gcc/arm-none-eabi/4.6.2/../../../../arm-none-eabi/lib/armv7-m\libcr_newlib_semihost.a(syscalls.o)
                                0x40b (size before relaxing)
 .debug_str     0x000026a0       0x3b c:/nxp/lpcxpresso_6.1.4_194/lpcxpresso/tools/bin/../lib/gcc/arm-none-eabi/4.6.2/../../../../arm-none-eabi/lib/armv7-m\libcr_newlib_semihost.a(_cr_check_heap.o)
                                 0xd1 (size before relaxing)

.comment        0x00000000       0x9a
 .comment       0x00000000       0x70 ./src/cr_startup_lpc17.o
                                 0x71 (size before relaxing)
 .comment       0x00000000       0x71 ./src/main.o
 .comment       0x00000000       0x71 C:\Users\ongwk\OneDrive\Documents\NUS\Y3S2\EE2028\Labs\Lib_CMSISv1p30_LPC17xx\Debug\libCMSISv1p30_LPC17xx.a(system_LPC17xx.o)
 .comment       0x00000000       0x71 C:\Users\ongwk\OneDrive\Documents\NUS\Y3S2\EE2028\Labs\Lib_EaBaseBoard\Debug\libLib_EaBaseBoard.a(acc.o)
 .comment       0x00000000       0x71 C:\Users\ongwk\OneDrive\Documents\NUS\Y3S2\EE2028\Labs\Lib_EaBaseBoard\Debug\libLib_EaBaseBoard.a(led7seg.o)
 .comment       0x00000000       0x71 C:\Users\ongwk\OneDrive\Documents\NUS\Y3S2\EE2028\Labs\Lib_EaBaseBoard\Debug\libLib_EaBaseBoard.a(light.o)
 .comment       0x00000000       0x71 C:\Users\ongwk\OneDrive\Documents\NUS\Y3S2\EE2028\Labs\Lib_EaBaseBoard\Debug\libLib_EaBaseBoard.a(oled.o)
 .comment       0x00000000       0x71 C:\Users\ongwk\OneDrive\Documents\NUS\Y3S2\EE2028\Labs\Lib_EaBaseBoard\Debug\libLib_EaBaseBoard.a(pca9532.o)
 .comment       0x00000000       0x71 C:\Users\ongwk\OneDrive\Documents\NUS\Y3S2\EE2028\Labs\Lib_EaBaseBoard\Debug\libLib_EaBaseBoard.a(temp.o)
 .comment       0x00000000       0x71 C:\Users\ongwk\OneDrive\Documents\NUS\Y3S2\EE2028\Labs\Lib_EaBaseBoard\Debug\libLib_EaBaseBoard.a(font5x7.o)
 .comment       0x00000000       0x71 C:\Users\ongwk\OneDrive\Documents\NUS\Y3S2\EE2028\Labs\Lib_MCU\Debug\libLib_MCU.a(lpc17xx_gpio.o)
 .comment       0x00000000       0x71 C:\Users\ongwk\OneDrive\Documents\NUS\Y3S2\EE2028\Labs\Lib_MCU\Debug\libLib_MCU.a(lpc17xx_i2c.o)
 .comment       0x00000000       0x71 C:\Users\ongwk\OneDrive\Documents\NUS\Y3S2\EE2028\Labs\Lib_MCU\Debug\libLib_MCU.a(lpc17xx_libcfg_default.o)
 .comment       0x00000000       0x71 C:\Users\ongwk\OneDrive\Documents\NUS\Y3S2\EE2028\Labs\Lib_MCU\Debug\libLib_MCU.a(lpc17xx_pinsel.o)
 .comment       0x00000000       0x71 C:\Users\ongwk\OneDrive\Documents\NUS\Y3S2\EE2028\Labs\Lib_MCU\Debug\libLib_MCU.a(lpc17xx_ssp.o)
 .comment       0x00000000       0x71 C:\Users\ongwk\OneDrive\Documents\NUS\Y3S2\EE2028\Labs\Lib_MCU\Debug\libLib_MCU.a(lpc17xx_timer.o)
 .comment       0x00000000       0x71 C:\Users\ongwk\OneDrive\Documents\NUS\Y3S2\EE2028\Labs\Lib_MCU\Debug\libLib_MCU.a(lpc17xx_clkpwr.o)
 .comment       0x00000070       0x2a c:/nxp/lpcxpresso_6.1.4_194/lpcxpresso/tools/bin/../lib/gcc/arm-none-eabi/4.6.2/../../../../arm-none-eabi/lib/armv7-m\libcr_newlib_semihost.a(_cr_sbrk.o)
                                 0x2b (size before relaxing)
 .comment       0x00000000       0x2b c:/nxp/lpcxpresso_6.1.4_194/lpcxpresso/tools/bin/../lib/gcc/arm-none-eabi/4.6.2/../../../../arm-none-eabi/lib/armv7-m\libcr_newlib_semihost.a(syscalls.o)
 .comment       0x00000000       0x2b c:/nxp/lpcxpresso_6.1.4_194/lpcxpresso/tools/bin/../lib/gcc/arm-none-eabi/4.6.2/../../../../arm-none-eabi/lib/armv7-m\libcr_newlib_semihost.a(_cr_check_heap.o)

.ARM.attributes
                0x00000000       0x33
 .ARM.attributes
                0x00000000       0x33 ./src/cr_startup_lpc17.o
 .ARM.attributes
                0x00000033       0x33 ./src/main.o
 .ARM.attributes
                0x00000066       0x33 C:\Users\ongwk\OneDrive\Documents\NUS\Y3S2\EE2028\Labs\Lib_CMSISv1p30_LPC17xx\Debug\libCMSISv1p30_LPC17xx.a(system_LPC17xx.o)
 .ARM.attributes
                0x00000099       0x33 C:\Users\ongwk\OneDrive\Documents\NUS\Y3S2\EE2028\Labs\Lib_EaBaseBoard\Debug\libLib_EaBaseBoard.a(acc.o)
 .ARM.attributes
                0x000000cc       0x33 C:\Users\ongwk\OneDrive\Documents\NUS\Y3S2\EE2028\Labs\Lib_EaBaseBoard\Debug\libLib_EaBaseBoard.a(led7seg.o)
 .ARM.attributes
                0x000000ff       0x33 C:\Users\ongwk\OneDrive\Documents\NUS\Y3S2\EE2028\Labs\Lib_EaBaseBoard\Debug\libLib_EaBaseBoard.a(light.o)
 .ARM.attributes
                0x00000132       0x33 C:\Users\ongwk\OneDrive\Documents\NUS\Y3S2\EE2028\Labs\Lib_EaBaseBoard\Debug\libLib_EaBaseBoard.a(oled.o)
 .ARM.attributes
                0x00000165       0x33 C:\Users\ongwk\OneDrive\Documents\NUS\Y3S2\EE2028\Labs\Lib_EaBaseBoard\Debug\libLib_EaBaseBoard.a(pca9532.o)
 .ARM.attributes
                0x00000198       0x33 C:\Users\ongwk\OneDrive\Documents\NUS\Y3S2\EE2028\Labs\Lib_EaBaseBoard\Debug\libLib_EaBaseBoard.a(temp.o)
 .ARM.attributes
                0x000001cb       0x33 C:\Users\ongwk\OneDrive\Documents\NUS\Y3S2\EE2028\Labs\Lib_EaBaseBoard\Debug\libLib_EaBaseBoard.a(font5x7.o)
 .ARM.attributes
                0x000001fe       0x33 C:\Users\ongwk\OneDrive\Documents\NUS\Y3S2\EE2028\Labs\Lib_MCU\Debug\libLib_MCU.a(lpc17xx_gpio.o)
 .ARM.attributes
                0x00000231       0x33 C:\Users\ongwk\OneDrive\Documents\NUS\Y3S2\EE2028\Labs\Lib_MCU\Debug\libLib_MCU.a(lpc17xx_i2c.o)
 .ARM.attributes
                0x00000264       0x33 C:\Users\ongwk\OneDrive\Documents\NUS\Y3S2\EE2028\Labs\Lib_MCU\Debug\libLib_MCU.a(lpc17xx_libcfg_default.o)
 .ARM.attributes
                0x00000297       0x33 C:\Users\ongwk\OneDrive\Documents\NUS\Y3S2\EE2028\Labs\Lib_MCU\Debug\libLib_MCU.a(lpc17xx_pinsel.o)
 .ARM.attributes
                0x000002ca       0x33 C:\Users\ongwk\OneDrive\Documents\NUS\Y3S2\EE2028\Labs\Lib_MCU\Debug\libLib_MCU.a(lpc17xx_ssp.o)
 .ARM.attributes
                0x000002fd       0x33 C:\Users\ongwk\OneDrive\Documents\NUS\Y3S2\EE2028\Labs\Lib_MCU\Debug\libLib_MCU.a(lpc17xx_timer.o)
 .ARM.attributes
                0x00000330       0x33 C:\Users\ongwk\OneDrive\Documents\NUS\Y3S2\EE2028\Labs\Lib_MCU\Debug\libLib_MCU.a(lpc17xx_clkpwr.o)
 .ARM.attributes
                0x00000363       0x1d c:/nxp/lpcxpresso_6.1.4_194/lpcxpresso/tools/bin/../lib/gcc/arm-none-eabi/4.6.2/armv7-m\libgcc.a(_arm_addsubdf3.o)
 .ARM.attributes
                0x00000380       0x1d c:/nxp/lpcxpresso_6.1.4_194/lpcxpresso/tools/bin/../lib/gcc/arm-none-eabi/4.6.2/armv7-m\libgcc.a(_arm_muldivdf3.o)
 .ARM.attributes
                0x0000039d       0x1d c:/nxp/lpcxpresso_6.1.4_194/lpcxpresso/tools/bin/../lib/gcc/arm-none-eabi/4.6.2/armv7-m\libgcc.a(_arm_cmpdf2.o)
 .ARM.attributes
                0x000003ba       0x1d c:/nxp/lpcxpresso_6.1.4_194/lpcxpresso/tools/bin/../lib/gcc/arm-none-eabi/4.6.2/armv7-m\libgcc.a(_arm_fixunsdfsi.o)
 .ARM.attributes
                0x000003d7       0x1d c:/nxp/lpcxpresso_6.1.4_194/lpcxpresso/tools/bin/../lib/gcc/arm-none-eabi/4.6.2/armv7-m\libgcc.a(_arm_truncdfsf2.o)
 .ARM.attributes
                0x000003f4       0x1d c:/nxp/lpcxpresso_6.1.4_194/lpcxpresso/tools/bin/../lib/gcc/arm-none-eabi/4.6.2/armv7-m\libgcc.a(_arm_cmpsf2.o)
 .ARM.attributes
                0x00000411       0x1d c:/nxp/lpcxpresso_6.1.4_194/lpcxpresso/tools/bin/../lib/gcc/arm-none-eabi/4.6.2/armv7-m\libgcc.a(_aeabi_uldivmod.o)
 .ARM.attributes
                0x0000042e       0x2d c:/nxp/lpcxpresso_6.1.4_194/lpcxpresso/tools/bin/../lib/gcc/arm-none-eabi/4.6.2/armv7-m\libgcc.a(bpabi.o)
 .ARM.attributes
                0x0000045b       0x1d c:/nxp/lpcxpresso_6.1.4_194/lpcxpresso/tools/bin/../lib/gcc/arm-none-eabi/4.6.2/armv7-m\libgcc.a(_dvmd_tls.o)
 .ARM.attributes
                0x00000478       0x2d c:/nxp/lpcxpresso_6.1.4_194/lpcxpresso/tools/bin/../lib/gcc/arm-none-eabi/4.6.2/armv7-m\libgcc.a(_divdi3.o)
 .ARM.attributes
                0x000004a5       0x2d c:/nxp/lpcxpresso_6.1.4_194/lpcxpresso/tools/bin/../lib/gcc/arm-none-eabi/4.6.2/armv7-m\libgcc.a(_udivdi3.o)
 .ARM.attributes
                0x000004d2       0x2d c:/nxp/lpcxpresso_6.1.4_194/lpcxpresso/tools/bin/../lib/gcc/arm-none-eabi/4.6.2/../../../../arm-none-eabi/lib/armv7-m\libc.a(lib_a-memset.o)
 .ARM.attributes
                0x000004ff       0x2d c:/nxp/lpcxpresso_6.1.4_194/lpcxpresso/tools/bin/../lib/gcc/arm-none-eabi/4.6.2/../../../../arm-none-eabi/lib/armv7-m\libc.a(lib_a-printf.o)
 .ARM.attributes
                0x0000052c       0x2d c:/nxp/lpcxpresso_6.1.4_194/lpcxpresso/tools/bin/../lib/gcc/arm-none-eabi/4.6.2/../../../../arm-none-eabi/lib/armv7-m\libc.a(lib_a-sprintf.o)
 .ARM.attributes
                0x00000559       0x2d c:/nxp/lpcxpresso_6.1.4_194/lpcxpresso/tools/bin/../lib/gcc/arm-none-eabi/4.6.2/../../../../arm-none-eabi/lib/armv7-m\libc.a(lib_a-svfprintf.o)
 .ARM.attributes
                0x00000586       0x2d c:/nxp/lpcxpresso_6.1.4_194/lpcxpresso/tools/bin/../lib/gcc/arm-none-eabi/4.6.2/../../../../arm-none-eabi/lib/armv7-m\libc.a(lib_a-vfprintf.o)
 .ARM.attributes
                0x000005b3       0x2d c:/nxp/lpcxpresso_6.1.4_194/lpcxpresso/tools/bin/../lib/gcc/arm-none-eabi/4.6.2/../../../../arm-none-eabi/lib/armv7-m\libc.a(lib_a-wsetup.o)
 .ARM.attributes
                0x000005e0       0x2d c:/nxp/lpcxpresso_6.1.4_194/lpcxpresso/tools/bin/../lib/gcc/arm-none-eabi/4.6.2/../../../../arm-none-eabi/lib/armv7-m\libc.a(lib_a-dtoa.o)
 .ARM.attributes
                0x0000060d       0x2d c:/nxp/lpcxpresso_6.1.4_194/lpcxpresso/tools/bin/../lib/gcc/arm-none-eabi/4.6.2/../../../../arm-none-eabi/lib/armv7-m\libc.a(lib_a-fflush.o)
 .ARM.attributes
                0x0000063a       0x2d c:/nxp/lpcxpresso_6.1.4_194/lpcxpresso/tools/bin/../lib/gcc/arm-none-eabi/4.6.2/../../../../arm-none-eabi/lib/armv7-m\libc.a(lib_a-findfp.o)
 .ARM.attributes
                0x00000667       0x2d c:/nxp/lpcxpresso_6.1.4_194/lpcxpresso/tools/bin/../lib/gcc/arm-none-eabi/4.6.2/../../../../arm-none-eabi/lib/armv7-m\libc.a(lib_a-freer.o)
 .ARM.attributes
                0x00000694       0x2d c:/nxp/lpcxpresso_6.1.4_194/lpcxpresso/tools/bin/../lib/gcc/arm-none-eabi/4.6.2/../../../../arm-none-eabi/lib/armv7-m\libc.a(lib_a-fwalk.o)
 .ARM.attributes
                0x000006c1       0x2d c:/nxp/lpcxpresso_6.1.4_194/lpcxpresso/tools/bin/../lib/gcc/arm-none-eabi/4.6.2/../../../../arm-none-eabi/lib/armv7-m\libc.a(lib_a-impure.o)
 .ARM.attributes
                0x000006ee       0x2d c:/nxp/lpcxpresso_6.1.4_194/lpcxpresso/tools/bin/../lib/gcc/arm-none-eabi/4.6.2/../../../../arm-none-eabi/lib/armv7-m\libc.a(lib_a-locale.o)
 .ARM.attributes
                0x0000071b       0x2d c:/nxp/lpcxpresso_6.1.4_194/lpcxpresso/tools/bin/../lib/gcc/arm-none-eabi/4.6.2/../../../../arm-none-eabi/lib/armv7-m\libc.a(lib_a-makebuf.o)
 .ARM.attributes
                0x00000748       0x2d c:/nxp/lpcxpresso_6.1.4_194/lpcxpresso/tools/bin/../lib/gcc/arm-none-eabi/4.6.2/../../../../arm-none-eabi/lib/armv7-m\libc.a(lib_a-mallocr.o)
 .ARM.attributes
                0x00000775       0x2d c:/nxp/lpcxpresso_6.1.4_194/lpcxpresso/tools/bin/../lib/gcc/arm-none-eabi/4.6.2/../../../../arm-none-eabi/lib/armv7-m\libc.a(lib_a-memchr.o)
 .ARM.attributes
                0x000007a2       0x2d c:/nxp/lpcxpresso_6.1.4_194/lpcxpresso/tools/bin/../lib/gcc/arm-none-eabi/4.6.2/../../../../arm-none-eabi/lib/armv7-m\libc.a(lib_a-memcpy.o)
 .ARM.attributes
                0x000007cf       0x2d c:/nxp/lpcxpresso_6.1.4_194/lpcxpresso/tools/bin/../lib/gcc/arm-none-eabi/4.6.2/../../../../arm-none-eabi/lib/armv7-m\libc.a(lib_a-mlock.o)
 .ARM.attributes
                0x000007fc       0x2d c:/nxp/lpcxpresso_6.1.4_194/lpcxpresso/tools/bin/../lib/gcc/arm-none-eabi/4.6.2/../../../../arm-none-eabi/lib/armv7-m\libc.a(lib_a-mprec.o)
 .ARM.attributes
                0x00000829       0x2d c:/nxp/lpcxpresso_6.1.4_194/lpcxpresso/tools/bin/../lib/gcc/arm-none-eabi/4.6.2/../../../../arm-none-eabi/lib/armv7-m\libc.a(lib_a-s_fpclassify.o)
 .ARM.attributes
                0x00000856       0x2d c:/nxp/lpcxpresso_6.1.4_194/lpcxpresso/tools/bin/../lib/gcc/arm-none-eabi/4.6.2/../../../../arm-none-eabi/lib/armv7-m\libc.a(lib_a-sbrkr.o)
 .ARM.attributes
                0x00000883       0x2d c:/nxp/lpcxpresso_6.1.4_194/lpcxpresso/tools/bin/../lib/gcc/arm-none-eabi/4.6.2/../../../../arm-none-eabi/lib/armv7-m\libc.a(lib_a-stdio.o)
 .ARM.attributes
                0x000008b0       0x2d c:/nxp/lpcxpresso_6.1.4_194/lpcxpresso/tools/bin/../lib/gcc/arm-none-eabi/4.6.2/../../../../arm-none-eabi/lib/armv7-m\libc.a(lib_a-strcmp.o)
 .ARM.attributes
                0x000008dd       0x2d c:/nxp/lpcxpresso_6.1.4_194/lpcxpresso/tools/bin/../lib/gcc/arm-none-eabi/4.6.2/../../../../arm-none-eabi/lib/armv7-m\libc.a(lib_a-strlen.o)
 .ARM.attributes
                0x0000090a       0x2d c:/nxp/lpcxpresso_6.1.4_194/lpcxpresso/tools/bin/../lib/gcc/arm-none-eabi/4.6.2/../../../../arm-none-eabi/lib/armv7-m\libc.a(lib_a-svfiprintf.o)
 .ARM.attributes
                0x00000937       0x2d c:/nxp/lpcxpresso_6.1.4_194/lpcxpresso/tools/bin/../lib/gcc/arm-none-eabi/4.6.2/../../../../arm-none-eabi/lib/armv7-m\libc.a(lib_a-vfiprintf.o)
 .ARM.attributes
                0x00000964       0x2d c:/nxp/lpcxpresso_6.1.4_194/lpcxpresso/tools/bin/../lib/gcc/arm-none-eabi/4.6.2/../../../../arm-none-eabi/lib/armv7-m\libc.a(lib_a-writer.o)
 .ARM.attributes
                0x00000991       0x2d c:/nxp/lpcxpresso_6.1.4_194/lpcxpresso/tools/bin/../lib/gcc/arm-none-eabi/4.6.2/../../../../arm-none-eabi/lib/armv7-m\libc.a(lib_a-callocr.o)
 .ARM.attributes
                0x000009be       0x2d c:/nxp/lpcxpresso_6.1.4_194/lpcxpresso/tools/bin/../lib/gcc/arm-none-eabi/4.6.2/../../../../arm-none-eabi/lib/armv7-m\libc.a(lib_a-closer.o)
 .ARM.attributes
                0x000009eb       0x2d c:/nxp/lpcxpresso_6.1.4_194/lpcxpresso/tools/bin/../lib/gcc/arm-none-eabi/4.6.2/../../../../arm-none-eabi/lib/armv7-m\libc.a(lib_a-fclose.o)
 .ARM.attributes
                0x00000a18       0x2d c:/nxp/lpcxpresso_6.1.4_194/lpcxpresso/tools/bin/../lib/gcc/arm-none-eabi/4.6.2/../../../../arm-none-eabi/lib/armv7-m\libc.a(lib_a-fputwc.o)
 .ARM.attributes
                0x00000a45       0x2d c:/nxp/lpcxpresso_6.1.4_194/lpcxpresso/tools/bin/../lib/gcc/arm-none-eabi/4.6.2/../../../../arm-none-eabi/lib/armv7-m\libc.a(lib_a-fstatr.o)
 .ARM.attributes
                0x00000a72       0x2d c:/nxp/lpcxpresso_6.1.4_194/lpcxpresso/tools/bin/../lib/gcc/arm-none-eabi/4.6.2/../../../../arm-none-eabi/lib/armv7-m\libc.a(lib_a-fvwrite.o)
 .ARM.attributes
                0x00000a9f       0x2d c:/nxp/lpcxpresso_6.1.4_194/lpcxpresso/tools/bin/../lib/gcc/arm-none-eabi/4.6.2/../../../../arm-none-eabi/lib/armv7-m\libc.a(lib_a-isattyr.o)
 .ARM.attributes
                0x00000acc       0x2d c:/nxp/lpcxpresso_6.1.4_194/lpcxpresso/tools/bin/../lib/gcc/arm-none-eabi/4.6.2/../../../../arm-none-eabi/lib/armv7-m\libc.a(lib_a-lseekr.o)
 .ARM.attributes
                0x00000af9       0x2d c:/nxp/lpcxpresso_6.1.4_194/lpcxpresso/tools/bin/../lib/gcc/arm-none-eabi/4.6.2/../../../../arm-none-eabi/lib/armv7-m\libc.a(lib_a-memmove.o)
 .ARM.attributes
                0x00000b26       0x2d c:/nxp/lpcxpresso_6.1.4_194/lpcxpresso/tools/bin/../lib/gcc/arm-none-eabi/4.6.2/../../../../arm-none-eabi/lib/armv7-m\libc.a(lib_a-readr.o)
 .ARM.attributes
                0x00000b53       0x2d c:/nxp/lpcxpresso_6.1.4_194/lpcxpresso/tools/bin/../lib/gcc/arm-none-eabi/4.6.2/../../../../arm-none-eabi/lib/armv7-m\libc.a(lib_a-reallocr.o)
 .ARM.attributes
                0x00000b80       0x2d c:/nxp/lpcxpresso_6.1.4_194/lpcxpresso/tools/bin/../lib/gcc/arm-none-eabi/4.6.2/../../../../arm-none-eabi/lib/armv7-m\libc.a(lib_a-reent.o)
 .ARM.attributes
                0x00000bad       0x2d c:/nxp/lpcxpresso_6.1.4_194/lpcxpresso/tools/bin/../lib/gcc/arm-none-eabi/4.6.2/../../../../arm-none-eabi/lib/armv7-m\libc.a(lib_a-wbuf.o)
 .ARM.attributes
                0x00000bda       0x2d c:/nxp/lpcxpresso_6.1.4_194/lpcxpresso/tools/bin/../lib/gcc/arm-none-eabi/4.6.2/../../../../arm-none-eabi/lib/armv7-m\libc.a(lib_a-wcrtomb.o)
 .ARM.attributes
                0x00000c07       0x2d c:/nxp/lpcxpresso_6.1.4_194/lpcxpresso/tools/bin/../lib/gcc/arm-none-eabi/4.6.2/../../../../arm-none-eabi/lib/armv7-m\libc.a(lib_a-wctomb_r.o)
 .ARM.attributes
                0x00000c34       0x31 c:/nxp/lpcxpresso_6.1.4_194/lpcxpresso/tools/bin/../lib/gcc/arm-none-eabi/4.6.2/../../../../arm-none-eabi/lib/armv7-m\libcr_newlib_semihost.a(_cr_sbrk.o)
 .ARM.attributes
                0x00000c65       0x31 c:/nxp/lpcxpresso_6.1.4_194/lpcxpresso/tools/bin/../lib/gcc/arm-none-eabi/4.6.2/../../../../arm-none-eabi/lib/armv7-m\libcr_newlib_semihost.a(syscalls.o)
 .ARM.attributes
                0x00000c96       0x31 c:/nxp/lpcxpresso_6.1.4_194/lpcxpresso/tools/bin/../lib/gcc/arm-none-eabi/4.6.2/../../../../arm-none-eabi/lib/armv7-m\libcr_newlib_semihost.a(_cr_check_heap.o)
 .ARM.attributes
                0x00000cc7       0x1d c:/nxp/lpcxpresso_6.1.4_194/lpcxpresso/tools/bin/../lib/gcc/arm-none-eabi/4.6.2/armv7-m\libgcc.a(_arm_fixdfsi.o)
 .ARM.attributes
                0x00000ce4       0x2d c:/nxp/lpcxpresso_6.1.4_194/lpcxpresso/tools/bin/../lib/gcc/arm-none-eabi/4.6.2/../../../../arm-none-eabi/lib/armv7-m\libc.a(lib_a-errno.o)

.debug_frame    0x00000000     0x2930
 .debug_frame   0x00000000      0x120 ./src/cr_startup_lpc17.o
 .debug_frame   0x00000120      0x2d8 ./src/main.o
 .debug_frame   0x000003f8       0x48 C:\Users\ongwk\OneDrive\Documents\NUS\Y3S2\EE2028\Labs\Lib_CMSISv1p30_LPC17xx\Debug\libCMSISv1p30_LPC17xx.a(system_LPC17xx.o)
 .debug_frame   0x00000440      0x12c C:\Users\ongwk\OneDrive\Documents\NUS\Y3S2\EE2028\Labs\Lib_EaBaseBoard\Debug\libLib_EaBaseBoard.a(acc.o)
 .debug_frame   0x0000056c       0x4c C:\Users\ongwk\OneDrive\Documents\NUS\Y3S2\EE2028\Labs\Lib_EaBaseBoard\Debug\libLib_EaBaseBoard.a(led7seg.o)
 .debug_frame   0x000005b8      0x208 C:\Users\ongwk\OneDrive\Documents\NUS\Y3S2\EE2028\Labs\Lib_EaBaseBoard\Debug\libLib_EaBaseBoard.a(light.o)
 .debug_frame   0x000007c0      0x1ec C:\Users\ongwk\OneDrive\Documents\NUS\Y3S2\EE2028\Labs\Lib_EaBaseBoard\Debug\libLib_EaBaseBoard.a(oled.o)
 .debug_frame   0x000009ac      0x1a8 C:\Users\ongwk\OneDrive\Documents\NUS\Y3S2\EE2028\Labs\Lib_EaBaseBoard\Debug\libLib_EaBaseBoard.a(pca9532.o)
 .debug_frame   0x00000b54       0x50 C:\Users\ongwk\OneDrive\Documents\NUS\Y3S2\EE2028\Labs\Lib_EaBaseBoard\Debug\libLib_EaBaseBoard.a(temp.o)
 .debug_frame   0x00000ba4      0x2c4 C:\Users\ongwk\OneDrive\Documents\NUS\Y3S2\EE2028\Labs\Lib_MCU\Debug\libLib_MCU.a(lpc17xx_gpio.o)
 .debug_frame   0x00000e68      0x2c8 C:\Users\ongwk\OneDrive\Documents\NUS\Y3S2\EE2028\Labs\Lib_MCU\Debug\libLib_MCU.a(lpc17xx_i2c.o)
 .debug_frame   0x00001130       0x2c C:\Users\ongwk\OneDrive\Documents\NUS\Y3S2\EE2028\Labs\Lib_MCU\Debug\libLib_MCU.a(lpc17xx_libcfg_default.o)
 .debug_frame   0x0000115c       0xbc C:\Users\ongwk\OneDrive\Documents\NUS\Y3S2\EE2028\Labs\Lib_MCU\Debug\libLib_MCU.a(lpc17xx_pinsel.o)
 .debug_frame   0x00001218      0x280 C:\Users\ongwk\OneDrive\Documents\NUS\Y3S2\EE2028\Labs\Lib_MCU\Debug\libLib_MCU.a(lpc17xx_ssp.o)
 .debug_frame   0x00001498      0x228 C:\Users\ongwk\OneDrive\Documents\NUS\Y3S2\EE2028\Labs\Lib_MCU\Debug\libLib_MCU.a(lpc17xx_timer.o)
 .debug_frame   0x000016c0      0x10c C:\Users\ongwk\OneDrive\Documents\NUS\Y3S2\EE2028\Labs\Lib_MCU\Debug\libLib_MCU.a(lpc17xx_clkpwr.o)
 .debug_frame   0x000017cc       0x50 c:/nxp/lpcxpresso_6.1.4_194/lpcxpresso/tools/bin/../lib/gcc/arm-none-eabi/4.6.2/armv7-m\libgcc.a(bpabi.o)
 .debug_frame   0x0000181c       0x34 c:/nxp/lpcxpresso_6.1.4_194/lpcxpresso/tools/bin/../lib/gcc/arm-none-eabi/4.6.2/armv7-m\libgcc.a(_divdi3.o)
 .debug_frame   0x00001850       0x34 c:/nxp/lpcxpresso_6.1.4_194/lpcxpresso/tools/bin/../lib/gcc/arm-none-eabi/4.6.2/armv7-m\libgcc.a(_udivdi3.o)
 .debug_frame   0x00001884       0x2c c:/nxp/lpcxpresso_6.1.4_194/lpcxpresso/tools/bin/../lib/gcc/arm-none-eabi/4.6.2/../../../../arm-none-eabi/lib/armv7-m\libc.a(lib_a-memset.o)
 .debug_frame   0x000018b0       0x5c c:/nxp/lpcxpresso_6.1.4_194/lpcxpresso/tools/bin/../lib/gcc/arm-none-eabi/4.6.2/../../../../arm-none-eabi/lib/armv7-m\libc.a(lib_a-printf.o)
 .debug_frame   0x0000190c       0x64 c:/nxp/lpcxpresso_6.1.4_194/lpcxpresso/tools/bin/../lib/gcc/arm-none-eabi/4.6.2/../../../../arm-none-eabi/lib/armv7-m\libc.a(lib_a-sprintf.o)
 .debug_frame   0x00001970       0x3c c:/nxp/lpcxpresso_6.1.4_194/lpcxpresso/tools/bin/../lib/gcc/arm-none-eabi/4.6.2/../../../../arm-none-eabi/lib/armv7-m\libc.a(lib_a-svfprintf.o)
 .debug_frame   0x000019ac       0x58 c:/nxp/lpcxpresso_6.1.4_194/lpcxpresso/tools/bin/../lib/gcc/arm-none-eabi/4.6.2/../../../../arm-none-eabi/lib/armv7-m\libc.a(lib_a-vfprintf.o)
 .debug_frame   0x00001a04       0x2c c:/nxp/lpcxpresso_6.1.4_194/lpcxpresso/tools/bin/../lib/gcc/arm-none-eabi/4.6.2/../../../../arm-none-eabi/lib/armv7-m\libc.a(lib_a-wsetup.o)
 .debug_frame   0x00001a30       0x64 c:/nxp/lpcxpresso_6.1.4_194/lpcxpresso/tools/bin/../lib/gcc/arm-none-eabi/4.6.2/../../../../arm-none-eabi/lib/armv7-m\libc.a(lib_a-dtoa.o)
 .debug_frame   0x00001a94       0x40 c:/nxp/lpcxpresso_6.1.4_194/lpcxpresso/tools/bin/../lib/gcc/arm-none-eabi/4.6.2/../../../../arm-none-eabi/lib/armv7-m\libc.a(lib_a-fflush.o)
 .debug_frame   0x00001ad4      0x120 c:/nxp/lpcxpresso_6.1.4_194/lpcxpresso/tools/bin/../lib/gcc/arm-none-eabi/4.6.2/../../../../arm-none-eabi/lib/armv7-m\libc.a(lib_a-findfp.o)
 .debug_frame   0x00001bf4       0x50 c:/nxp/lpcxpresso_6.1.4_194/lpcxpresso/tools/bin/../lib/gcc/arm-none-eabi/4.6.2/../../../../arm-none-eabi/lib/armv7-m\libc.a(lib_a-freer.o)
 .debug_frame   0x00001c44       0x54 c:/nxp/lpcxpresso_6.1.4_194/lpcxpresso/tools/bin/../lib/gcc/arm-none-eabi/4.6.2/../../../../arm-none-eabi/lib/armv7-m\libc.a(lib_a-fwalk.o)
 .debug_frame   0x00001c98       0x98 c:/nxp/lpcxpresso_6.1.4_194/lpcxpresso/tools/bin/../lib/gcc/arm-none-eabi/4.6.2/../../../../arm-none-eabi/lib/armv7-m\libc.a(lib_a-locale.o)
 .debug_frame   0x00001d30       0x30 c:/nxp/lpcxpresso_6.1.4_194/lpcxpresso/tools/bin/../lib/gcc/arm-none-eabi/4.6.2/../../../../arm-none-eabi/lib/armv7-m\libc.a(lib_a-makebuf.o)
 .debug_frame   0x00001d60       0x38 c:/nxp/lpcxpresso_6.1.4_194/lpcxpresso/tools/bin/../lib/gcc/arm-none-eabi/4.6.2/../../../../arm-none-eabi/lib/armv7-m\libc.a(lib_a-mallocr.o)
 .debug_frame   0x00001d98       0x2c c:/nxp/lpcxpresso_6.1.4_194/lpcxpresso/tools/bin/../lib/gcc/arm-none-eabi/4.6.2/../../../../arm-none-eabi/lib/armv7-m\libc.a(lib_a-memchr.o)
 .debug_frame   0x00001dc4       0x2c c:/nxp/lpcxpresso_6.1.4_194/lpcxpresso/tools/bin/../lib/gcc/arm-none-eabi/4.6.2/../../../../arm-none-eabi/lib/armv7-m\libc.a(lib_a-memcpy.o)
 .debug_frame   0x00001df0       0x30 c:/nxp/lpcxpresso_6.1.4_194/lpcxpresso/tools/bin/../lib/gcc/arm-none-eabi/4.6.2/../../../../arm-none-eabi/lib/armv7-m\libc.a(lib_a-mlock.o)
 .debug_frame   0x00001e20      0x228 c:/nxp/lpcxpresso_6.1.4_194/lpcxpresso/tools/bin/../lib/gcc/arm-none-eabi/4.6.2/../../../../arm-none-eabi/lib/armv7-m\libc.a(lib_a-mprec.o)
 .debug_frame   0x00002048       0x20 c:/nxp/lpcxpresso_6.1.4_194/lpcxpresso/tools/bin/../lib/gcc/arm-none-eabi/4.6.2/../../../../arm-none-eabi/lib/armv7-m\libc.a(lib_a-s_fpclassify.o)
 .debug_frame   0x00002068       0x2c c:/nxp/lpcxpresso_6.1.4_194/lpcxpresso/tools/bin/../lib/gcc/arm-none-eabi/4.6.2/../../../../arm-none-eabi/lib/armv7-m\libc.a(lib_a-sbrkr.o)